Archive member included to satisfy reference by file (symbol)

c:/mounriver/mounriver_studio/toolchain/risc-v embedded gcc/bin/../lib/gcc/riscv-none-embed/8.2.0/../../../../riscv-none-embed/lib/rv32imacxw/ilp32\libm.a(lib_a-w_pow.o)
                              ./User/main.o (pow)
c:/mounriver/mounriver_studio/toolchain/risc-v embedded gcc/bin/../lib/gcc/riscv-none-embed/8.2.0/../../../../riscv-none-embed/lib/rv32imacxw/ilp32\libm.a(lib_a-e_pow.o)
                              c:/mounriver/mounriver_studio/toolchain/risc-v embedded gcc/bin/../lib/gcc/riscv-none-embed/8.2.0/../../../../riscv-none-embed/lib/rv32imacxw/ilp32\libm.a(lib_a-w_pow.o) (__ieee754_pow)
c:/mounriver/mounriver_studio/toolchain/risc-v embedded gcc/bin/../lib/gcc/riscv-none-embed/8.2.0/../../../../riscv-none-embed/lib/rv32imacxw/ilp32\libm.a(lib_a-e_sqrt.o)
                              c:/mounriver/mounriver_studio/toolchain/risc-v embedded gcc/bin/../lib/gcc/riscv-none-embed/8.2.0/../../../../riscv-none-embed/lib/rv32imacxw/ilp32\libm.a(lib_a-e_pow.o) (__ieee754_sqrt)
c:/mounriver/mounriver_studio/toolchain/risc-v embedded gcc/bin/../lib/gcc/riscv-none-embed/8.2.0/../../../../riscv-none-embed/lib/rv32imacxw/ilp32\libm.a(lib_a-s_fabs.o)
                              c:/mounriver/mounriver_studio/toolchain/risc-v embedded gcc/bin/../lib/gcc/riscv-none-embed/8.2.0/../../../../riscv-none-embed/lib/rv32imacxw/ilp32\libm.a(lib_a-e_pow.o) (fabs)
c:/mounriver/mounriver_studio/toolchain/risc-v embedded gcc/bin/../lib/gcc/riscv-none-embed/8.2.0/../../../../riscv-none-embed/lib/rv32imacxw/ilp32\libm.a(lib_a-s_finite.o)
                              c:/mounriver/mounriver_studio/toolchain/risc-v embedded gcc/bin/../lib/gcc/riscv-none-embed/8.2.0/../../../../riscv-none-embed/lib/rv32imacxw/ilp32\libm.a(lib_a-w_pow.o) (finite)
c:/mounriver/mounriver_studio/toolchain/risc-v embedded gcc/bin/../lib/gcc/riscv-none-embed/8.2.0/../../../../riscv-none-embed/lib/rv32imacxw/ilp32\libm.a(lib_a-s_lib_ver.o)
                              c:/mounriver/mounriver_studio/toolchain/risc-v embedded gcc/bin/../lib/gcc/riscv-none-embed/8.2.0/../../../../riscv-none-embed/lib/rv32imacxw/ilp32\libm.a(lib_a-w_pow.o) (__fdlib_version)
c:/mounriver/mounriver_studio/toolchain/risc-v embedded gcc/bin/../lib/gcc/riscv-none-embed/8.2.0/../../../../riscv-none-embed/lib/rv32imacxw/ilp32\libm.a(lib_a-s_matherr.o)
                              c:/mounriver/mounriver_studio/toolchain/risc-v embedded gcc/bin/../lib/gcc/riscv-none-embed/8.2.0/../../../../riscv-none-embed/lib/rv32imacxw/ilp32\libm.a(lib_a-w_pow.o) (matherr)
c:/mounriver/mounriver_studio/toolchain/risc-v embedded gcc/bin/../lib/gcc/riscv-none-embed/8.2.0/../../../../riscv-none-embed/lib/rv32imacxw/ilp32\libm.a(lib_a-s_nan.o)
                              c:/mounriver/mounriver_studio/toolchain/risc-v embedded gcc/bin/../lib/gcc/riscv-none-embed/8.2.0/../../../../riscv-none-embed/lib/rv32imacxw/ilp32\libm.a(lib_a-e_pow.o) (nan)
c:/mounriver/mounriver_studio/toolchain/risc-v embedded gcc/bin/../lib/gcc/riscv-none-embed/8.2.0/../../../../riscv-none-embed/lib/rv32imacxw/ilp32\libm.a(lib_a-s_rint.o)
                              c:/mounriver/mounriver_studio/toolchain/risc-v embedded gcc/bin/../lib/gcc/riscv-none-embed/8.2.0/../../../../riscv-none-embed/lib/rv32imacxw/ilp32\libm.a(lib_a-w_pow.o) (rint)
c:/mounriver/mounriver_studio/toolchain/risc-v embedded gcc/bin/../lib/gcc/riscv-none-embed/8.2.0/../../../../riscv-none-embed/lib/rv32imacxw/ilp32\libm.a(lib_a-s_scalbn.o)
                              c:/mounriver/mounriver_studio/toolchain/risc-v embedded gcc/bin/../lib/gcc/riscv-none-embed/8.2.0/../../../../riscv-none-embed/lib/rv32imacxw/ilp32\libm.a(lib_a-e_pow.o) (scalbn)
c:/mounriver/mounriver_studio/toolchain/risc-v embedded gcc/bin/../lib/gcc/riscv-none-embed/8.2.0/../../../../riscv-none-embed/lib/rv32imacxw/ilp32\libm.a(lib_a-s_copysign.o)
                              c:/mounriver/mounriver_studio/toolchain/risc-v embedded gcc/bin/../lib/gcc/riscv-none-embed/8.2.0/../../../../riscv-none-embed/lib/rv32imacxw/ilp32\libm.a(lib_a-s_scalbn.o) (copysign)
C:\Users\87407\OneDrive\EMBcompCRPS_CH32\relese\ETH\NetLib\libwchnet.a(eth_api.o)
                              ./NetLib/eth_driver_10M.o (WCHNET_PeriodicHandle)
C:\Users\87407\OneDrive\EMBcompCRPS_CH32\relese\ETH\NetLib\libwchnet.a(ipcheck.o)
                              C:\Users\87407\OneDrive\EMBcompCRPS_CH32\relese\ETH\NetLib\libwchnet.a(eth_api.o) (IPCheckParaInit)
C:\Users\87407\OneDrive\EMBcompCRPS_CH32\relese\ETH\NetLib\libwchnet.a(net_dhcp.o)
                              C:\Users\87407\OneDrive\EMBcompCRPS_CH32\relese\ETH\NetLib\libwchnet.a(eth_api.o) (DHCPCtrl)
C:\Users\87407\OneDrive\EMBcompCRPS_CH32\relese\ETH\NetLib\libwchnet.a(net_dns.o)
                              C:\Users\87407\OneDrive\EMBcompCRPS_CH32\relese\ETH\NetLib\libwchnet.a(eth_api.o) (DNSInf)
C:\Users\87407\OneDrive\EMBcompCRPS_CH32\relese\ETH\NetLib\libwchnet.a(socket.o)
[...]
Memory Configuration

Name             Origin             Length             Attributes
FLASH            0x0000000000000000 0x0000000000040000 xr
RAM              0x0000000020000000 0x0000000000010000 xrw
*default*        0x0000000000000000 0xffffffffffffffff

Linker script and memory map

LOAD ./User/ch32v30x_it.o
LOAD ./User/main.o
LOAD ./User/system_ch32v30x.o
LOAD ./Startup/startup_ch32v30x_D8C.o
LOAD ./Peripheral/src/ch32v30x_adc.o
LOAD ./Peripheral/src/ch32v30x_bkp.o
LOAD ./Peripheral/src/ch32v30x_can.o
LOAD ./Peripheral/src/ch32v30x_crc.o
LOAD ./Peripheral/src/ch32v30x_dac.o
LOAD ./Peripheral/src/ch32v30x_dbgmcu.o
LOAD ./Peripheral/src/ch32v30x_dma.o
LOAD ./Peripheral/src/ch32v30x_dvp.o
LOAD ./Peripheral/src/ch32v30x_eth.o
LOAD ./Peripheral/src/ch32v30x_exti.o
LOAD ./Peripheral/src/ch32v30x_flash.o
LOAD ./Peripheral/src/ch32v30x_fsmc.o
LOAD ./Peripheral/src/ch32v30x_gpio.o
LOAD ./Peripheral/src/ch32v30x_i2c.o
LOAD ./Peripheral/src/ch32v30x_iwdg.o
LOAD ./Peripheral/src/ch32v30x_misc.o
LOAD ./Peripheral/src/ch32v30x_opa.o
LOAD ./Peripheral/src/ch32v30x_pwr.o
LOAD ./Peripheral/src/ch32v30x_rcc.o
LOAD ./Peripheral/src/ch32v30x_rng.o
LOAD ./Peripheral/src/ch32v30x_rtc.o
LOAD ./Peripheral/src/ch32v30x_sdio.o
LOAD ./Peripheral/src/ch32v30x_spi.o
LOAD ./Peripheral/src/ch32v30x_tim.o
LOAD ./Peripheral/src/ch32v30x_usart.o
LOAD ./Peripheral/src/ch32v30x_wwdg.o
LOAD ./NetLib/eth_driver_10M.o
LOAD ./General_Files/drivers/WS2812_PWM_drv.o
LOAD ./Debug/debug.o
LOAD ./Core/core_riscv.o
LOAD c:/mounriver/mounriver_studio/toolchain/risc-v embedded gcc/bin/../lib/gcc/riscv-none-embed/8.2.0/../../../../riscv-none-embed/lib/rv32imacxw/ilp32\libm.a
LOAD C:\Users\87407\OneDrive\EMBcompCRPS_CH32\relese\ETH\NetLib\libwchnet.a
LOAD c:/mounriver/mounriver_studio/toolchain/risc-v embedded gcc/bin/../lib/gcc/riscv-none-embed/8.2.0/../../../../riscv-none-embed/lib/rv32imacxw/ilp32\libprintfloat.a
LOAD c:/mounriver/mounriver_studio/toolchain/risc-v embedded gcc/bin/../lib/gcc/riscv-none-embed/8.2.0/rv32imacxw/ilp32\libgcc.a
LOAD c:/mounriver/mounriver_studio/toolchain/risc-v embedded gcc/bin/../lib/gcc/riscv-none-embed/8.2.0/../../../../riscv-none-embed/lib/rv32imacxw/ilp32\libg_nano.a
LOAD c:/mounriver/mounriver_studio/toolchain/risc-v embedded gcc/bin/../lib/gcc/riscv-none-embed/8.2.0/../../../../riscv-none-embed/lib/rv32imacxw/ilp32\libc_nano.a
LOAD c:/mounriver/mounriver_studio/toolchain/risc-v embedded gcc/bin/../lib/gcc/riscv-none-embed/8.2.0/rv32imacxw/ilp32\libgcc.a
START GROUP
LOAD c:/mounriver/mounriver_studio/toolchain/risc-v embedded gcc/bin/../lib/gcc/riscv-none-embed/8.2.0/rv32imacxw/ilp32\libgcc.a
LOAD c:/mounriver/mounriver_studio/toolchain/risc-v embedded gcc/bin/../lib/gcc/riscv-none-embed/8.2.0/../../../../riscv-none-embed/lib/rv32imacxw/ilp32\libc_nano.a
LOAD c:/mounriver/mounriver_studio/toolchain/risc-v embedded gcc/bin/../lib/gcc/riscv-none-embed/8.2.0/../../../../riscv-none-embed/lib/rv32imacxw/ilp32\libnosys.a
END GROUP
START GROUP
LOAD c:/mounriver/mounriver_studio/toolchain/risc-v embedded gcc/bin/../lib/gcc/riscv-none-embed/8.2.0/rv32imacxw/ilp32\libgcc.a
LOAD c:/mounriver/mounriver_studio/toolchain/risc-v embedded gcc/bin/../lib/gcc/riscv-none-embed/8.2.0/../../../../riscv-none-embed/lib/rv32imacxw/ilp32\libc_nano.a
LOAD c:/mounriver/mounriver_studio/toolchain/risc-v embedded gcc/bin/../lib/gcc/riscv-none-embed/8.2.0/../../../../riscv-none-embed/lib/rv32imacxw/ilp32\libnosys.a
END GROUP
                0x0000000000000800                __stack_size = 0x800
                [!provide]                        PROVIDE (_stack_size = __stack_size)

.init           0x0000000000000000        0x4
                0x0000000000000000                _sinit = .
                0x0000000000000000                . = ALIGN (0x4)
 *(SORT_NONE(.init))
 .init          0x0000000000000000        0x4 ./Startup/startup_ch32v30x_D8C.o
                0x0000000000000000                _start
                0x0000000000000004                . = ALIGN (0x4)
                0x0000000000000004                _einit = .

.vector         0x0000000000000004      0x1bc
 *(.vector)
 .vector        0x0000000000000004      0x1a0 ./Startup/startup_ch32v30x_D8C.o
                0x00000000000001c0                . = ALIGN (0x40)
 *fill*         0x00000000000001a4       0x1c 

.text           0x00000000000001c0     0xe0ec
                0x00000000000001c0                . = ALIGN (0x4)
 *(.text)
 .text          0x00000000000001c0       0x60 c:/mounriver/mounriver_studio/toolchain/risc-v embedded gcc/bin/../lib/gcc/riscv-none-embed/8.2.0/rv32imacxw/ilp32\libgcc.a(save-restore.o)
                0x00000000000001c0                __riscv_save_12
                0x00000000000001c8                __riscv_save_9
                0x00000000000001c8                __riscv_save_11
                0x00000000000001c8                __riscv_save_10
                0x00000000000001c8                __riscv_save_8
                0x00000000000001d6                __riscv_save_4
                0x00000000000001d6                __riscv_save_6
                0x00000000000001d6                __riscv_save_5
                0x00000000000001d6                __riscv_save_7
                0x00000000000001f0                __riscv_save_3
                0x00000000000001f0                __riscv_save_2
                0x00000000000001f0                __riscv_save_1
                0x00000000000001f0                __riscv_save_0
                0x00000000000001fc                __riscv_restore_12
                0x0000000000000200                __riscv_restore_11
                0x0000000000000200                __riscv_restore_9
                0x0000000000000200                __riscv_restore_10
                0x0000000000000200                __riscv_restore_8
                0x000000000000020a                __riscv_restore_5
                0x000000000000020a                __riscv_restore_7
                0x000000000000020a                __riscv_restore_6
                0x000000000000020a                __riscv_restore_4
                0x0000000000000214                __riscv_restore_3
                0x0000000000000214                __riscv_restore_0
                0x0000000000000214                __riscv_restore_2
                0x0000000000000214                __riscv_restore_1
 .text          0x0000000000000220       0xa8 c:/mounriver/mounriver_studio/toolchain/risc-v embedded gcc/bin/../lib/gcc/riscv-none-embed/8.2.0/../../../../riscv-none-embed/lib/rv32imacxw/ilp32\libg_nano.a(lib_a-memset.o)
                0x0000000000000220                memset
 *(.text.*)
 .text.NMI_Handler
                0x00000000000002c8        0x2 ./User/ch32v30x_it.o
                0x00000000000002c8                NMI_Handler
 .text.HardFault_Handler
                0x00000000000002ca       0x44 ./User/ch32v30x_it.o
                0x00000000000002ca                HardFault_Handler
 .text.EXTI9_5_IRQHandler
                0x000000000000030e       0x54 ./User/ch32v30x_it.o
                0x000000000000030e                EXTI9_5_IRQHandler
 .text.ETH_IRQHandler
                0x0000000000000362        0x8 ./User/ch32v30x_it.o
                0x0000000000000362                ETH_IRQHandler
 .text.TIM2_IRQHandler
                0x000000000000036a       0x14 ./User/ch32v30x_it.o
                0x000000000000036a                TIM2_IRQHandler
 .text.ws2812_set_all
                0x000000000000037e       0x16 ./User/main.o
                0x000000000000037e                ws2812_set_all
 .text.IIC_Init
                0x0000000000000394       0x8c ./User/main.o
                0x0000000000000394                IIC_Init
 .text.LED_Init
                0x0000000000000420       0x28 ./User/main.o
                0x0000000000000420                LED_Init
 .text.IIC_ReadWord
                0x0000000000000448      0x146 ./User/main.o
                0x0000000000000448                IIC_ReadWord
 .text.mStopIfError
                0x000000000000058e       0x18 ./User/main.o
                0x000000000000058e                mStopIfError
 .text.TIM2_Init
                0x00000000000005a6       0x6c ./User/main.o
                0x00000000000005a6                TIM2_Init
 .text.WCHNET_CreateTcpSocketListen
                0x0000000000000612       0x48 ./User/main.o
                0x0000000000000612                WCHNET_CreateTcpSocketListen
 .text.WCHNET_DataLoopback
                0x000000000000065a      0x24a ./User/main.o
                0x000000000000065a                WCHNET_DataLoopback
 .text.WCHNET_HandleSockInt
                0x00000000000008a4       0xfc ./User/main.o
                0x00000000000008a4                WCHNET_HandleSockInt
 .text.WCHNET_HandleGlobalInt
                0x00000000000009a0       0x84 ./User/main.o
                0x00000000000009a0                WCHNET_HandleGlobalInt
 .text.startup.main
                0x0000000000000a24      0x338 ./User/main.o
                0x0000000000000a24                main
 .text.SystemInit
                0x0000000000000d5c       0xfa ./User/system_ch32v30x.o
                0x0000000000000d5c                SystemInit
 .text.SystemCoreClockUpdate
                0x0000000000000e56      0x12a ./User/system_ch32v30x.o
                0x0000000000000e56                SystemCoreClockUpdate
 .text.vector_handler
                0x0000000000000f80        0x2 ./Startup/startup_ch32v30x_D8C.o
                0x0000000000000f80                EXTI2_IRQHandler
                0x0000000000000f80                TIM8_TRG_COM_IRQHandler
                0x0000000000000f80                TIM8_CC_IRQHandler
                0x0000000000000f80                UART8_IRQHandler
                0x0000000000000f80                TIM1_CC_IRQHandler
                0x0000000000000f80                TIM6_IRQHandler
                0x0000000000000f80                SysTick_Handler
                0x0000000000000f80                PVD_IRQHandler
                0x0000000000000f80                SDIO_IRQHandler
                0x0000000000000f80                TIM9_BRK_IRQHandler
                0x0000000000000f80                DMA2_Channel8_IRQHandler
                0x0000000000000f80                CAN2_RX1_IRQHandler
                0x0000000000000f80                EXTI3_IRQHandler
                0x0000000000000f80                USBHS_IRQHandler
                0x0000000000000f80                DMA2_Channel9_IRQHandler
                0x0000000000000f80                TIM10_CC_IRQHandler
                0x0000000000000f80                USBFS_IRQHandler
                0x0000000000000f80                EXTI0_IRQHandler
                0x0000000000000f80                I2C2_EV_IRQHandler
                0x0000000000000f80                TIM10_TRG_COM_IRQHandler
                0x0000000000000f80                CAN2_SCE_IRQHandler
                0x0000000000000f80                ADC1_2_IRQHandler
                0x0000000000000f80                Break_Point_Handler
                0x0000000000000f80                SPI1_IRQHandler
                0x0000000000000f80                TAMPER_IRQHandler
                0x0000000000000f80                CAN2_RX0_IRQHandler
                0x0000000000000f80                TIM8_UP_IRQHandler
                0x0000000000000f80                Ecall_M_Mode_Handler
                0x0000000000000f80                DMA2_Channel2_IRQHandler
                0x0000000000000f80                DMA1_Channel4_IRQHandler
                0x0000000000000f80                TIM9_UP_IRQHandler
                0x0000000000000f80                USART3_IRQHandler
                0x0000000000000f80                RTC_IRQHandler
                0x0000000000000f80                DMA1_Channel7_IRQHandler
                0x0000000000000f80                CAN1_RX1_IRQHandler
                0x0000000000000f80                DVP_IRQHandler
                0x0000000000000f80                UART5_IRQHandler
                0x0000000000000f80                TIM4_IRQHandler
                0x0000000000000f80                DMA2_Channel1_IRQHandler
                0x0000000000000f80                I2C1_EV_IRQHandler
                0x0000000000000f80                DMA1_Channel6_IRQHandler
                0x0000000000000f80                UART4_IRQHandler
                0x0000000000000f80                DMA2_Channel4_IRQHandler
                0x0000000000000f80                TIM3_IRQHandler
                0x0000000000000f80                RCC_IRQHandler
                0x0000000000000f80                TIM1_TRG_COM_IRQHandler
                0x0000000000000f80                DMA1_Channel1_IRQHandler
                0x0000000000000f80                DMA2_Channel7_IRQHandler
                0x0000000000000f80                EXTI15_10_IRQHandler
                0x0000000000000f80                TIM7_IRQHandler
                0x0000000000000f80                CAN2_TX_IRQHandler
                0x0000000000000f80                TIM5_IRQHandler
                0x0000000000000f80                ETH_WKUP_IRQHandler
                0x0000000000000f80                SPI2_IRQHandler
                0x0000000000000f80                TIM10_BRK_IRQHandler
                0x0000000000000f80                TIM9_CC_IRQHandler
                0x0000000000000f80                DMA2_Channel5_IRQHandler
                0x0000000000000f80                DMA1_Channel5_IRQHandler
                0x0000000000000f80                EXTI4_IRQHandler
                0x0000000000000f80                USB_LP_CAN1_RX0_IRQHandler
                0x0000000000000f80                RNG_IRQHandler
                0x0000000000000f80                USB_HP_CAN1_TX_IRQHandler
                0x0000000000000f80                DMA1_Channel3_IRQHandler
                0x0000000000000f80                TIM1_UP_IRQHandler
                0x0000000000000f80                WWDG_IRQHandler
                0x0000000000000f80                USBHSWakeup_IRQHandler
                0x0000000000000f80                DMA2_Channel11_IRQHandler
                0x0000000000000f80                Ecall_U_Mode_Handler
                0x0000000000000f80                DMA2_Channel6_IRQHandler
                0x0000000000000f80                SW_Handler
                0x0000000000000f80                TIM1_BRK_IRQHandler
                0x0000000000000f80                DMA2_Channel10_IRQHandler
                0x0000000000000f80                EXTI1_IRQHandler
                0x0000000000000f80                RTCAlarm_IRQHandler
                0x0000000000000f80                TIM10_UP_IRQHandler
                0x0000000000000f80                TIM9_TRG_COM_IRQHandler
                0x0000000000000f80                UART7_IRQHandler
                0x0000000000000f80                USART2_IRQHandler
                0x0000000000000f80                UART6_IRQHandler
                0x0000000000000f80                I2C2_ER_IRQHandler
                0x0000000000000f80                DMA1_Channel2_IRQHandler
                0x0000000000000f80                TIM8_BRK_IRQHandler
                0x0000000000000f80                CAN1_SCE_IRQHandler
                0x0000000000000f80                FLASH_IRQHandler
                0x0000000000000f80                USART1_IRQHandler
                0x0000000000000f80                SPI3_IRQHandler
                0x0000000000000f80                I2C1_ER_IRQHandler
                0x0000000000000f80                USBWakeUp_IRQHandler
                0x0000000000000f80                DMA2_Channel3_IRQHandler
 .text.handle_reset
                0x0000000000000f82       0x8e ./Startup/startup_ch32v30x_D8C.o
                0x0000000000000f82                handle_reset
 .text.DBGMCU_GetCHIPID
                0x0000000000001010        0xa ./Peripheral/src/ch32v30x_dbgmcu.o
                0x0000000000001010                DBGMCU_GetCHIPID
 .text.DMA_DeInit
                0x000000000000101a      0x16c ./Peripheral/src/ch32v30x_dma.o
                0x000000000000101a                DMA_DeInit
 .text.DMA_Init
                0x0000000000001186       0x38 ./Peripheral/src/ch32v30x_dma.o
                0x0000000000001186                DMA_Init
 .text.DMA_Cmd  0x00000000000011be       0x14 ./Peripheral/src/ch32v30x_dma.o
                0x00000000000011be                DMA_Cmd
 .text.DMA_SetCurrDataCounter
                0x00000000000011d2        0x4 ./Peripheral/src/ch32v30x_dma.o
                0x00000000000011d2                DMA_SetCurrDataCounter
 .text.DMA_GetFlagStatus
                0x00000000000011d6       0x32 ./Peripheral/src/ch32v30x_dma.o
                0x00000000000011d6                DMA_GetFlagStatus
 .text.DMA_ClearFlag
                0x0000000000001208       0x2c ./Peripheral/src/ch32v30x_dma.o
                0x0000000000001208                DMA_ClearFlag
 .text.ETH_DeInit
                0x0000000000001234       0x18 ./Peripheral/src/ch32v30x_eth.o
                0x0000000000001234                ETH_DeInit
 .text.ETH_StructInit
                0x000000000000124c       0xd8 ./Peripheral/src/ch32v30x_eth.o
                0x000000000000124c                ETH_StructInit
 .text.ETH_ReadPHYRegister
                0x0000000000001324       0x58 ./Peripheral/src/ch32v30x_eth.o
                0x0000000000001324                ETH_ReadPHYRegister
 .text.ETH_WritePHYRegister
                0x000000000000137c       0x52 ./Peripheral/src/ch32v30x_eth.o
                0x000000000000137c                ETH_WritePHYRegister
 .text.ETH_DMATxDescChainInit
                0x00000000000013ce       0x42 ./Peripheral/src/ch32v30x_eth.o
                0x00000000000013ce                ETH_DMATxDescChainInit
 .text.ETH_DMARxDescChainInit
                0x0000000000001410       0x4c ./Peripheral/src/ch32v30x_eth.o
                0x0000000000001410                ETH_DMARxDescChainInit
 .text.ETH_SoftwareReset
                0x000000000000145c        0xe ./Peripheral/src/ch32v30x_eth.o
                0x000000000000145c                ETH_SoftwareReset
 .text.ETH_DMAClearITPendingBit
                0x000000000000146a        0x8 ./Peripheral/src/ch32v30x_eth.o
                0x000000000000146a                ETH_DMAClearITPendingBit
 .text.ETH_FlushTransmitFIFO
                0x0000000000001472       0x10 ./Peripheral/src/ch32v30x_eth.o
                0x0000000000001472                ETH_FlushTransmitFIFO
 .text.ETH_Start
                0x0000000000001482       0x32 ./Peripheral/src/ch32v30x_eth.o
                0x0000000000001482                ETH_Start
 .text.ETH_DMAITConfig
                0x00000000000014b4       0x1e ./Peripheral/src/ch32v30x_eth.o
                0x00000000000014b4                ETH_DMAITConfig
 .text.EXTI_ClearITPendingBit
                0x00000000000014d2        0xa ./Peripheral/src/ch32v30x_exti.o
                0x00000000000014d2                EXTI_ClearITPendingBit
 .text.GPIO_Init
                0x00000000000014dc       0xc0 ./Peripheral/src/ch32v30x_gpio.o
                0x00000000000014dc                GPIO_Init
 .text.GPIO_SetBits
                0x000000000000159c        0x4 ./Peripheral/src/ch32v30x_gpio.o
                0x000000000000159c                GPIO_SetBits
 .text.GPIO_ResetBits
                0x00000000000015a0        0x4 ./Peripheral/src/ch32v30x_gpio.o
                0x00000000000015a0                GPIO_ResetBits
 .text.GPIO_PinRemapConfig
                0x00000000000015a4       0xd6 ./Peripheral/src/ch32v30x_gpio.o
                0x00000000000015a4                GPIO_PinRemapConfig
 .text.I2C_Init
                0x000000000000167a       0xfe ./Peripheral/src/ch32v30x_i2c.o
                0x000000000000167a                I2C_Init
 .text.I2C_Cmd  0x0000000000001778       0x18 ./Peripheral/src/ch32v30x_i2c.o
                0x0000000000001778                I2C_Cmd
 .text.I2C_GenerateSTART
                0x0000000000001790       0x1a ./Peripheral/src/ch32v30x_i2c.o
                0x0000000000001790                I2C_GenerateSTART
 .text.I2C_GenerateSTOP
                0x00000000000017aa       0x1a ./Peripheral/src/ch32v30x_i2c.o
                0x00000000000017aa                I2C_GenerateSTOP
 .text.I2C_AcknowledgeConfig
                0x00000000000017c4       0x1a ./Peripheral/src/ch32v30x_i2c.o
                0x00000000000017c4                I2C_AcknowledgeConfig
 .text.I2C_SendData
                0x00000000000017de        0x4 ./Peripheral/src/ch32v30x_i2c.o
                0x00000000000017de                I2C_SendData
 .text.I2C_ReceiveData
                0x00000000000017e2        0x8 ./Peripheral/src/ch32v30x_i2c.o
                0x00000000000017e2                I2C_ReceiveData
 .text.I2C_Send7bitAddress
                0x00000000000017ea       0x12 ./Peripheral/src/ch32v30x_i2c.o
                0x00000000000017ea                I2C_Send7bitAddress
 .text.I2C_CheckEvent
                0x00000000000017fc       0x16 ./Peripheral/src/ch32v30x_i2c.o
                0x00000000000017fc                I2C_CheckEvent
 .text.I2C_GetFlagStatus
                0x0000000000001812       0x32 ./Peripheral/src/ch32v30x_i2c.o
                0x0000000000001812                I2C_GetFlagStatus
 .text.RCC_GetClocksFreq
                0x0000000000001844      0x176 ./Peripheral/src/ch32v30x_rcc.o
                0x0000000000001844                RCC_GetClocksFreq
 .text.RCC_AHBPeriphClockCmd
                0x00000000000019ba       0x1e ./Peripheral/src/ch32v30x_rcc.o
                0x00000000000019ba                RCC_AHBPeriphClockCmd
 .text.RCC_APB2PeriphClockCmd
                0x00000000000019d8       0x1e ./Peripheral/src/ch32v30x_rcc.o
                0x00000000000019d8                RCC_APB2PeriphClockCmd
 .text.RCC_APB1PeriphClockCmd
                0x00000000000019f6       0x1e ./Peripheral/src/ch32v30x_rcc.o
                0x00000000000019f6                RCC_APB1PeriphClockCmd
 .text.RCC_GetFlagStatus
                0x0000000000001a14       0x2e ./Peripheral/src/ch32v30x_rcc.o
                0x0000000000001a14                RCC_GetFlagStatus
 .text.RCC_PREDIV2Config
                0x0000000000001a42       0x10 ./Peripheral/src/ch32v30x_rcc.o
                0x0000000000001a42                RCC_PREDIV2Config
 .text.RCC_PLL3Config
                0x0000000000001a52       0x12 ./Peripheral/src/ch32v30x_rcc.o
                0x0000000000001a52                RCC_PLL3Config
 .text.RCC_PLL3Cmd
                0x0000000000001a64       0x24 ./Peripheral/src/ch32v30x_rcc.o
                0x0000000000001a64                RCC_PLL3Cmd
 .text.RCC_AHBPeriphResetCmd
                0x0000000000001a88       0x1e ./Peripheral/src/ch32v30x_rcc.o
                0x0000000000001a88                RCC_AHBPeriphResetCmd
 .text.TIM_TimeBaseInit
                0x0000000000001aa6       0xaa ./Peripheral/src/ch32v30x_tim.o
                0x0000000000001aa6                TIM_TimeBaseInit
 .text.TIM_OC3Init
                0x0000000000001b50       0xac ./Peripheral/src/ch32v30x_tim.o
                0x0000000000001b50                TIM_OC3Init
 .text.TIM_Cmd  0x0000000000001bfc       0x18 ./Peripheral/src/ch32v30x_tim.o
                0x0000000000001bfc                TIM_Cmd
 .text.TIM_CtrlPWMOutputs
                0x0000000000001c14       0x16 ./Peripheral/src/ch32v30x_tim.o
                0x0000000000001c14                TIM_CtrlPWMOutputs
 .text.TIM_ITConfig
                0x0000000000001c2a       0x12 ./Peripheral/src/ch32v30x_tim.o
                0x0000000000001c2a                TIM_ITConfig
 .text.TIM_DMACmd
                0x0000000000001c3c        0xa ./Peripheral/src/ch32v30x_tim.o
                0x0000000000001c3c                TIM_DMACmd
 .text.TIM_ClearITPendingBit
                0x0000000000001c46        0xc ./Peripheral/src/ch32v30x_tim.o
                0x0000000000001c46                TIM_ClearITPendingBit
 .text.USART_Init
                0x0000000000001c52       0x8e ./Peripheral/src/ch32v30x_usart.o
                0x0000000000001c52                USART_Init
 .text.USART_Cmd
                0x0000000000001ce0       0x16 ./Peripheral/src/ch32v30x_usart.o
                0x0000000000001ce0                USART_Cmd
 .text.USART_SendData
                0x0000000000001cf6        0x8 ./Peripheral/src/ch32v30x_usart.o
                0x0000000000001cf6                USART_SendData
 .text.USART_GetFlagStatus
                0x0000000000001cfe        0xa ./Peripheral/src/ch32v30x_usart.o
                0x0000000000001cfe                USART_GetFlagStatus
 .text.ETH_TxPktChainMode
                0x0000000000001d08       0x40 ./NetLib/eth_driver_10M.o
                0x0000000000001d08                ETH_TxPktChainMode
 .text.ETH_LedDataSet
                0x0000000000001d48       0x22 ./NetLib/eth_driver_10M.o
                0x0000000000001d48                ETH_LedDataSet
 .text.ETH_LedLinkSet
                0x0000000000001d6a       0x22 ./NetLib/eth_driver_10M.o
                0x0000000000001d6a                ETH_LedLinkSet
 .text.WCHNET_GetMacAddr
                0x0000000000001d8c       0x20 ./NetLib/eth_driver_10M.o
                0x0000000000001d8c                WCHNET_GetMacAddr
 .text.WCHNET_TimeIsr
                0x0000000000001dac        0xc ./NetLib/eth_driver_10M.o
                0x0000000000001dac                WCHNET_TimeIsr
 .text.WCHNET_PhyPNProcess
                0x0000000000001db8       0xa8 ./NetLib/eth_driver_10M.o
                0x0000000000001db8                WCHNET_PhyPNProcess
 .text.WCHNET_LinkProcess
                0x0000000000001e60      0x328 ./NetLib/eth_driver_10M.o
                0x0000000000001e60                WCHNET_LinkProcess
 .text.WCHNET_HandlePhyNegotiation
                0x0000000000002188      0x190 ./NetLib/eth_driver_10M.o
                0x0000000000002188                WCHNET_HandlePhyNegotiation
 .text.ETH_LedConfiguration
                0x0000000000002318       0x44 ./NetLib/eth_driver_10M.o
                0x0000000000002318                ETH_LedConfiguration
 .text.ETH_SetClock
                0x000000000000235c       0x2a ./NetLib/eth_driver_10M.o
                0x000000000000235c                ETH_SetClock
 .text.ETH_PHYLink
                0x0000000000002386      0x108 ./NetLib/eth_driver_10M.o
                0x0000000000002386                ETH_PHYLink
 .text.ReInitMACReg
                0x000000000000248e      0x29e ./NetLib/eth_driver_10M.o
                0x000000000000248e                ReInitMACReg
 .text.WCHNET_RecProcess
                0x000000000000272c       0x2c ./NetLib/eth_driver_10M.o
                0x000000000000272c                WCHNET_RecProcess
 .text.WCHNET_MainTask
                0x0000000000002758       0x16 ./NetLib/eth_driver_10M.o
                0x0000000000002758                WCHNET_MainTask
 .text.ETH_RegInit
                0x000000000000276e      0x118 ./NetLib/eth_driver_10M.o
                0x000000000000276e                ETH_RegInit
 .text.ETH_Configuration
                0x0000000000002886       0xea ./NetLib/eth_driver_10M.o
                0x0000000000002886                ETH_Configuration
 .text.WCHNET_ETHIsr
                0x0000000000002970       0x7e ./NetLib/eth_driver_10M.o
                0x0000000000002970                WCHNET_ETHIsr
 .text.ETH_Init
                0x00000000000029ee       0x90 ./NetLib/eth_driver_10M.o
                0x00000000000029ee                ETH_Init
 .text.ETH_LibInit
                0x0000000000002a7e       0x86 ./NetLib/eth_driver_10M.o
                0x0000000000002a7e                ETH_LibInit
 .text.WS2812_Init
                0x0000000000002b04       0xf0 ./General_Files/drivers/WS2812_PWM_drv.o
                0x0000000000002b04                WS2812_Init
 .text.WS2812_Reset
                0x0000000000002bf4        0xe ./General_Files/drivers/WS2812_PWM_drv.o
                0x0000000000002bf4                WS2812_Reset
 .text.WS2812_SendData
                0x0000000000002c02      0x14e ./General_Files/drivers/WS2812_PWM_drv.o
                0x0000000000002c02                WS2812_SendData
 .text.Delay_Init
                0x0000000000002d50       0x26 ./Debug/debug.o
                0x0000000000002d50                Delay_Init
 .text.Delay_Us
                0x0000000000002d76       0x36 ./Debug/debug.o
                0x0000000000002d76                Delay_Us
 .text.Delay_Ms
                0x0000000000002dac       0x36 ./Debug/debug.o
                0x0000000000002dac                Delay_Ms
 .text.USART_Printf_Init
                0x0000000000002de2       0x5a ./Debug/debug.o
                0x0000000000002de2                USART_Printf_Init
 .text._write   0x0000000000002e3c       0x3e ./Debug/debug.o
                0x0000000000002e3c                _write
 .text.__get_MEPC
                0x0000000000002e7a        0x6 ./Core/core_riscv.o
                0x0000000000002e7a                __get_MEPC
 .text.__get_MCAUSE
                0x0000000000002e80        0x6 ./Core/core_riscv.o
                0x0000000000002e80                __get_MCAUSE
 .text.__get_MTVAL
                0x0000000000002e86        0x6 ./Core/core_riscv.o
                0x0000000000002e86                __get_MTVAL
 .text.pow      0x0000000000002e8c      0x324 c:/mounriver/mounriver_studio/toolchain/risc-v embedded gcc/bin/../lib/gcc/riscv-none-embed/8.2.0/../../../../riscv-none-embed/lib/rv32imacxw/ilp32\libm.a(lib_a-w_pow.o)
                0x0000000000002e8c                pow
 .text.__ieee754_pow
                0x00000000000031b0      0xad6 c:/mounriver/mounriver_studio/toolchain/risc-v embedded gcc/bin/../lib/gcc/riscv-none-embed/8.2.0/../../../../riscv-none-embed/lib/rv32imacxw/ilp32\libm.a(lib_a-e_pow.o)
                0x00000000000031b0                __ieee754_pow
 .text.__ieee754_sqrt
                0x0000000000003c86      0x1d6 c:/mounriver/mounriver_studio/toolchain/risc-v embedded gcc/bin/../lib/gcc/riscv-none-embed/8.2.0/../../../../riscv-none-embed/lib/rv32imacxw/ilp32\libm.a(lib_a-e_sqrt.o)
                0x0000000000003c86                __ieee754_sqrt
 .text.fabs     0x0000000000003e5c        0x6 c:/mounriver/mounriver_studio/toolchain/risc-v embedded gcc/bin/../lib/gcc/riscv-none-embed/8.2.0/../../../../riscv-none-embed/lib/rv32imacxw/ilp32\libm.a(lib_a-s_fabs.o)
                0x0000000000003e5c                fabs
 .text.finite   0x0000000000003e62        0xe c:/mounriver/mounriver_studio/toolchain/risc-v embedded gcc/bin/../lib/gcc/riscv-none-embed/8.2.0/../../../../riscv-none-embed/lib/rv32imacxw/ilp32\libm.a(lib_a-s_finite.o)
                0x0000000000003e62                finite
 .text.matherr  0x0000000000003e70        0x4 c:/mounriver/mounriver_studio/toolchain/risc-v embedded gcc/bin/../lib/gcc/riscv-none-embed/8.2.0/../../../../riscv-none-embed/lib/rv32imacxw/ilp32\libm.a(lib_a-s_matherr.o)
                0x0000000000003e70                matherr
 .text.nan      0x0000000000003e74        0xe c:/mounriver/mounriver_studio/toolchain/risc-v embedded gcc/bin/../lib/gcc/riscv-none-embed/8.2.0/../../../../riscv-none-embed/lib/rv32imacxw/ilp32\libm.a(lib_a-s_nan.o)
                0x0000000000003e74                nan
 .text.rint     0x0000000000003e82      0x18c c:/mounriver/mounriver_studio/toolchain/risc-v embedded gcc/bin/../lib/gcc/riscv-none-embed/8.2.0/../../../../riscv-none-embed/lib/rv32imacxw/ilp32\libm.a(lib_a-s_rint.o)
                0x0000000000003e82                rint
 .text.scalbn   0x000000000000400e      0x140 c:/mounriver/mounriver_studio/toolchain/risc-v embedded gcc/bin/../lib/gcc/riscv-none-embed/8.2.0/../../../../riscv-none-embed/lib/rv32imacxw/ilp32\libm.a(lib_a-s_scalbn.o)
                0x000000000000400e                scalbn
 .text.copysign
                0x000000000000414e       0x16 c:/mounriver/mounriver_studio/toolchain/risc-v embedded gcc/bin/../lib/gcc/riscv-none-embed/8.2.0/../../../../riscv-none-embed/lib/rv32imacxw/ilp32\libm.a(lib_a-s_copysign.o)
                0x000000000000414e                copysign
 .text.WCHNET_PeriodicHandle
                0x0000000000004164      0x1b8 C:\Users\87407\OneDrive\EMBcompCRPS_CH32\relese\ETH\NetLib\libwchnet.a(eth_api.o)
                0x0000000000004164                WCHNET_PeriodicHandle
 .text.WCHNET_NetInput
                0x000000000000431c       0x14 C:\Users\87407\OneDrive\EMBcompCRPS_CH32\relese\ETH\NetLib\libwchnet.a(eth_api.o)
                0x000000000000431c                WCHNET_NetInput
 .text.WCHNET_PhyStatus
                0x0000000000004330       0x4e C:\Users\87407\OneDrive\EMBcompCRPS_CH32\relese\ETH\NetLib\libwchnet.a(eth_api.o)
                0x0000000000004330                WCHNET_PhyStatus
 .text.WCHNET_Rx
                0x000000000000437e       0x96 C:\Users\87407\OneDrive\EMBcompCRPS_CH32\relese\ETH\NetLib\libwchnet.a(eth_api.o)
                0x000000000000437e                WCHNET_Rx
 .text.setRxBuffAddr
                0x0000000000004414       0x12 C:\Users\87407\OneDrive\EMBcompCRPS_CH32\relese\ETH\NetLib\libwchnet.a(eth_api.o)
                0x0000000000004414                setRxBuffAddr
 .text.WCHNET_Tx
                0x0000000000004426       0x32 C:\Users\87407\OneDrive\EMBcompCRPS_CH32\relese\ETH\NetLib\libwchnet.a(eth_api.o)
                0x0000000000004426                WCHNET_Tx
 .text.GetChipID
                0x0000000000004458        0xe C:\Users\87407\OneDrive\EMBcompCRPS_CH32\relese\ETH\NetLib\libwchnet.a(eth_api.o)
                0x0000000000004458                GetChipID
 .text.getTxBuffAddr
                0x0000000000004466       0x6c C:\Users\87407\OneDrive\EMBcompCRPS_CH32\relese\ETH\NetLib\libwchnet.a(eth_api.o)
                0x0000000000004466                getTxBuffAddr
 .text.IPCheckParaInit
                0x00000000000044d2       0x1e C:\Users\87407\OneDrive\EMBcompCRPS_CH32\relese\ETH\NetLib\libwchnet.a(ipcheck.o)
                0x00000000000044d2                IPCheckParaInit
 .text.SelIPARPSend
                0x00000000000044f0       0x38 C:\Users\87407\OneDrive\EMBcompCRPS_CH32\relese\ETH\NetLib\libwchnet.a(ipcheck.o)
                0x00000000000044f0                SelIPARPSend
 .text.IPCheckTmr
                0x0000000000004528       0x42 C:\Users\87407\OneDrive\EMBcompCRPS_CH32\relese\ETH\NetLib\libwchnet.a(ipcheck.o)
                0x0000000000004528                IPCheckTmr
 .text.IPConflictHandle
                0x000000000000456a       0x2e C:\Users\87407\OneDrive\EMBcompCRPS_CH32\relese\ETH\NetLib\libwchnet.a(ipcheck.o)
                0x000000000000456a                IPConflictHandle
 .text.NET_TCPError
                0x0000000000004598        0x2 C:\Users\87407\OneDrive\EMBcompCRPS_CH32\relese\ETH\NetLib\libwchnet.a(socket.o)
                0x0000000000004598                NET_TCPError
 .text.LwipTCPSendCallBack
                0x000000000000459a       0x3e C:\Users\87407\OneDrive\EMBcompCRPS_CH32\relese\ETH\NetLib\libwchnet.a(socket.o)
                0x000000000000459a                LwipTCPSendCallBack
 .text.LwipTCPPollCallBack
                0x00000000000045d8        0x4 C:\Users\87407\OneDrive\EMBcompCRPS_CH32\relese\ETH\NetLib\libwchnet.a(socket.o)
                0x00000000000045d8                LwipTCPPollCallBack
 .text.SocketIPRAWReceive
                0x00000000000045dc       0xc0 C:\Users\87407\OneDrive\EMBcompCRPS_CH32\relese\ETH\NetLib\libwchnet.a(socket.o)
                0x00000000000045dc                SocketIPRAWReceive
 .text.SocketUdpReceive
                0x000000000000469c       0xd6 C:\Users\87407\OneDrive\EMBcompCRPS_CH32\relese\ETH\NetLib\libwchnet.a(socket.o)
                0x000000000000469c                SocketUdpReceive
 .text.WCHSocketTCPReceive
                0x0000000000004772       0xdc C:\Users\87407\OneDrive\EMBcompCRPS_CH32\relese\ETH\NetLib\libwchnet.a(socket.o)
                0x0000000000004772                WCHSocketTCPReceive
 .text.WCHTCPServerAccept
                0x000000000000484e       0xc6 C:\Users\87407\OneDrive\EMBcompCRPS_CH32\relese\ETH\NetLib\libwchnet.a(socket.o)
                0x000000000000484e                WCHTCPServerAccept
 .text.ErrorEncode
                0x0000000000004914       0x1a C:\Users\87407\OneDrive\EMBcompCRPS_CH32\relese\ETH\NetLib\libwchnet.a(socket.o)
                0x0000000000004914                ErrorEncode
 .text.WCHSocketInit
                0x000000000000492e       0x4c C:\Users\87407\OneDrive\EMBcompCRPS_CH32\relese\ETH\NetLib\libwchnet.a(socket.o)
                0x000000000000492e                WCHSocketInit
 .text.WCHNET_Init
                0x000000000000497a       0xac C:\Users\87407\OneDrive\EMBcompCRPS_CH32\relese\ETH\NetLib\libwchnet.a(socket.o)
                0x000000000000497a                WCHNET_Init
 .text.WCHNET_ConfigKeepLive
                0x0000000000004a26       0x16 C:\Users\87407\OneDrive\EMBcompCRPS_CH32\relese\ETH\NetLib\libwchnet.a(socket.o)
                0x0000000000004a26                WCHNET_ConfigKeepLive
 .text.WCHNET_ConfigLIB
                0x0000000000004a3c      0x130 C:\Users\87407\OneDrive\EMBcompCRPS_CH32\relese\ETH\NetLib\libwchnet.a(socket.o)
                0x0000000000004a3c                WCHNET_ConfigLIB
 .text.WCHNET_GetVer
                0x0000000000004b6c        0x4 C:\Users\87407\OneDrive\EMBcompCRPS_CH32\relese\ETH\NetLib\libwchnet.a(socket.o)
                0x0000000000004b6c                WCHNET_GetVer
 .text.WCHFindCorrectTCBPcb
                0x0000000000004b70       0x5e C:\Users\87407\OneDrive\EMBcompCRPS_CH32\relese\ETH\NetLib\libwchnet.a(socket.o)
                0x0000000000004b70                WCHFindCorrectTCBPcb
 .text.WCHNET_SocketCreat
                0x0000000000004bce      0x1d2 C:\Users\87407\OneDrive\EMBcompCRPS_CH32\relese\ETH\NetLib\libwchnet.a(socket.o)
                0x0000000000004bce                WCHNET_SocketCreat
 .text.tcp_recved_socket
                0x0000000000004da0       0x4a C:\Users\87407\OneDrive\EMBcompCRPS_CH32\relese\ETH\NetLib\libwchnet.a(socket.o)
                0x0000000000004da0                tcp_recved_socket
 .text.WCHNET_ModifyRecvBuf
                0x0000000000004dea       0x52 C:\Users\87407\OneDrive\EMBcompCRPS_CH32\relese\ETH\NetLib\libwchnet.a(socket.o)
                0x0000000000004dea                WCHNET_ModifyRecvBuf
 .text.WCHNET_SocketRecv
                0x0000000000004e3c       0xe8 C:\Users\87407\OneDrive\EMBcompCRPS_CH32\relese\ETH\NetLib\libwchnet.a(socket.o)
                0x0000000000004e3c                WCHNET_SocketRecv
 .text.WCHNET_SocketRecvLen
                0x0000000000004f24       0x26 C:\Users\87407\OneDrive\EMBcompCRPS_CH32\relese\ETH\NetLib\libwchnet.a(socket.o)
                0x0000000000004f24                WCHNET_SocketRecvLen
 .text.SocketIPRawSend
                0x0000000000004f4a       0xbe C:\Users\87407\OneDrive\EMBcompCRPS_CH32\relese\ETH\NetLib\libwchnet.a(socket.o)
                0x0000000000004f4a                SocketIPRawSend
 .text.SocketUdpSend
                0x0000000000005008       0xbe C:\Users\87407\OneDrive\EMBcompCRPS_CH32\relese\ETH\NetLib\libwchnet.a(socket.o)
                0x0000000000005008                SocketUdpSend
 .text.SocketTcpSend
                0x00000000000050c6       0xf0 C:\Users\87407\OneDrive\EMBcompCRPS_CH32\relese\ETH\NetLib\libwchnet.a(socket.o)
                0x00000000000050c6                SocketTcpSend
 .text.WCHNET_SocketSend
                0x00000000000051b6       0x56 C:\Users\87407\OneDrive\EMBcompCRPS_CH32\relese\ETH\NetLib\libwchnet.a(socket.o)
                0x00000000000051b6                WCHNET_SocketSend
 .text.WCHScokedIntHandle
                0x000000000000520c       0x52 C:\Users\87407\OneDrive\EMBcompCRPS_CH32\relese\ETH\NetLib\libwchnet.a(socket.o)
                0x000000000000520c                WCHScokedIntHandle
 .text.LwipRemoveTcpPcb
                0x000000000000525e       0x9c C:\Users\87407\OneDrive\EMBcompCRPS_CH32\relese\ETH\NetLib\libwchnet.a(socket.o)
                0x000000000000525e                LwipRemoveTcpPcb
 .text.WCHNET_QueryGlobalInt
                0x00000000000052fa       0x3e C:\Users\87407\OneDrive\EMBcompCRPS_CH32\relese\ETH\NetLib\libwchnet.a(socket.o)
                0x00000000000052fa                WCHNET_QueryGlobalInt
 .text.WCHNET_GetGlobalInt
                0x0000000000005338       0x14 C:\Users\87407\OneDrive\EMBcompCRPS_CH32\relese\ETH\NetLib\libwchnet.a(socket.o)
                0x0000000000005338                WCHNET_GetGlobalInt
 .text.WCHNET_GetSocketInt
                0x000000000000534c       0x2a C:\Users\87407\OneDrive\EMBcompCRPS_CH32\relese\ETH\NetLib\libwchnet.a(socket.o)
                0x000000000000534c                WCHNET_GetSocketInt
 .text.WCHNET_GetPHYStatus
                0x0000000000005376        0xa C:\Users\87407\OneDrive\EMBcompCRPS_CH32\relese\ETH\NetLib\libwchnet.a(socket.o)
                0x0000000000005376                WCHNET_GetPHYStatus
 .text.WCHNET_SocketSetKeepLive
                0x0000000000005380       0x54 C:\Users\87407\OneDrive\EMBcompCRPS_CH32\relese\ETH\NetLib\libwchnet.a(socket.o)
                0x0000000000005380                WCHNET_SocketSetKeepLive
 .text.WCHNET_SocketListen
                0x00000000000053d4       0x6e C:\Users\87407\OneDrive\EMBcompCRPS_CH32\relese\ETH\NetLib\libwchnet.a(socket.o)
                0x00000000000053d4                WCHNET_SocketListen
 .text.QueryPingEnable
                0x0000000000005442        0xe C:\Users\87407\OneDrive\EMBcompCRPS_CH32\relese\ETH\NetLib\libwchnet.a(socket.o)
                0x0000000000005442                QueryPingEnable
 .text.LwipUnreachPort
                0x0000000000005450       0x1a C:\Users\87407\OneDrive\EMBcompCRPS_CH32\relese\ETH\NetLib\libwchnet.a(socket.o)
                0x0000000000005450                LwipUnreachPort
 .text.LwipArpCheck
                0x000000000000546a        0xc C:\Users\87407\OneDrive\EMBcompCRPS_CH32\relese\ETH\NetLib\libwchnet.a(socket.o)
                0x000000000000546a                LwipArpCheck
 .text.find_entry
                0x0000000000005476      0x17e C:\Users\87407\OneDrive\EMBcompCRPS_CH32\relese\ETH\NetLib\libwchnet.a(etharp.o)
 .text.update_arp_entry
                0x00000000000055f4       0xb2 C:\Users\87407\OneDrive\EMBcompCRPS_CH32\relese\ETH\NetLib\libwchnet.a(etharp.o)
 .text.etharp_tmr
                0x00000000000056a6       0x4e C:\Users\87407\OneDrive\EMBcompCRPS_CH32\relese\ETH\NetLib\libwchnet.a(etharp.o)
                0x00000000000056a6                etharp_tmr
 .text.etharp_ip_input
                0x00000000000056f4       0x5a C:\Users\87407\OneDrive\EMBcompCRPS_CH32\relese\ETH\NetLib\libwchnet.a(etharp.o)
                0x00000000000056f4                etharp_ip_input
 .text.etharp_arp_input
                0x000000000000574e      0x168 C:\Users\87407\OneDrive\EMBcompCRPS_CH32\relese\ETH\NetLib\libwchnet.a(etharp.o)
                0x000000000000574e                etharp_arp_input
 .text.etharp_request
                0x00000000000058b6       0xce C:\Users\87407\OneDrive\EMBcompCRPS_CH32\relese\ETH\NetLib\libwchnet.a(etharp.o)
                0x00000000000058b6                etharp_request
 .text.etharp_query
                0x0000000000005984       0xe2 C:\Users\87407\OneDrive\EMBcompCRPS_CH32\relese\ETH\NetLib\libwchnet.a(etharp.o)
                0x0000000000005984                etharp_query
 .text.etharp_output
                0x0000000000005a66      0x134 C:\Users\87407\OneDrive\EMBcompCRPS_CH32\relese\ETH\NetLib\libwchnet.a(etharp.o)
                0x0000000000005a66                etharp_output
 .text.ethernet_input
                0x0000000000005b9a       0x86 C:\Users\87407\OneDrive\EMBcompCRPS_CH32\relese\ETH\NetLib\libwchnet.a(etharp.o)
                0x0000000000005b9a                ethernet_input
 .text.ethernetif_init
                0x0000000000005c20       0x64 C:\Users\87407\OneDrive\EMBcompCRPS_CH32\relese\ETH\NetLib\libwchnet.a(ethernetif.o)
                0x0000000000005c20                ethernetif_init
 .text.low_level_output
                0x0000000000005c84       0x52 C:\Users\87407\OneDrive\EMBcompCRPS_CH32\relese\ETH\NetLib\libwchnet.a(ethernetif.o)
 .text.ethernetif_input
                0x0000000000005cd6       0x70 C:\Users\87407\OneDrive\EMBcompCRPS_CH32\relese\ETH\NetLib\libwchnet.a(ethernetif.o)
                0x0000000000005cd6                ethernetif_input
 .text.wch_ethernetif_init
                0x0000000000005d46       0x76 C:\Users\87407\OneDrive\EMBcompCRPS_CH32\relese\ETH\NetLib\libwchnet.a(ethernetif.o)
                0x0000000000005d46                wch_ethernetif_init
 .text.htons    0x0000000000005dbc        0xe C:\Users\87407\OneDrive\EMBcompCRPS_CH32\relese\ETH\NetLib\libwchnet.a(inet.o)
                0x0000000000005dbc                htons
 .text.ntohs    0x0000000000005dca        0xe C:\Users\87407\OneDrive\EMBcompCRPS_CH32\relese\ETH\NetLib\libwchnet.a(inet.o)
                0x0000000000005dca                ntohs
 .text.htonl    0x0000000000005dd8       0x24 C:\Users\87407\OneDrive\EMBcompCRPS_CH32\relese\ETH\NetLib\libwchnet.a(inet.o)
                0x0000000000005dd8                htonl
 .text.ntohl    0x0000000000005dfc        0xc C:\Users\87407\OneDrive\EMBcompCRPS_CH32\relese\ETH\NetLib\libwchnet.a(inet.o)
                0x0000000000005dfc                ntohl
 .text.ip_route
                0x0000000000005e08       0x4c C:\Users\87407\OneDrive\EMBcompCRPS_CH32\relese\ETH\NetLib\libwchnet.a(ip.o)
                0x0000000000005e08                ip_route
 .text.ip_input
                0x0000000000005e54      0x29a C:\Users\87407\OneDrive\EMBcompCRPS_CH32\relese\ETH\NetLib\libwchnet.a(ip.o)
                0x0000000000005e54                ip_input
 .text.ip_output_if
                0x00000000000060ee      0x15a C:\Users\87407\OneDrive\EMBcompCRPS_CH32\relese\ETH\NetLib\libwchnet.a(ip.o)
                0x00000000000060ee                ip_output_if
 .text.ip_output
                0x0000000000006248       0x36 C:\Users\87407\OneDrive\EMBcompCRPS_CH32\relese\ETH\NetLib\libwchnet.a(ip.o)
                0x0000000000006248                ip_output
 .text.ip_addr_isbroadcast
                0x000000000000627e       0x4a C:\Users\87407\OneDrive\EMBcompCRPS_CH32\relese\ETH\NetLib\libwchnet.a(ip_addr.o)
                0x000000000000627e                ip_addr_isbroadcast
 .text.ip_reass_tmr
                0x00000000000062c8       0xe6 C:\Users\87407\OneDrive\EMBcompCRPS_CH32\relese\ETH\NetLib\libwchnet.a(ip_frag.o)
                0x00000000000062c8                ip_reass_tmr
 .text.ip_reass
                0x00000000000063ae      0x3dc C:\Users\87407\OneDrive\EMBcompCRPS_CH32\relese\ETH\NetLib\libwchnet.a(ip_frag.o)
                0x00000000000063ae                ip_reass
 .text.ip_frag  0x000000000000678a      0x17e C:\Users\87407\OneDrive\EMBcompCRPS_CH32\relese\ETH\NetLib\libwchnet.a(ip_frag.o)
                0x000000000000678a                ip_frag
 .text.dhcp_set_state
                0x0000000000006908        0xe C:\Users\87407\OneDrive\EMBcompCRPS_CH32\relese\ETH\NetLib\libwchnet.a(dhcp.o)
 .text.dhcp_option
                0x0000000000006916       0x20 C:\Users\87407\OneDrive\EMBcompCRPS_CH32\relese\ETH\NetLib\libwchnet.a(dhcp.o)
 .text.dhcp_option_byte
                0x0000000000006936       0x12 C:\Users\87407\OneDrive\EMBcompCRPS_CH32\relese\ETH\NetLib\libwchnet.a(dhcp.o)
 .text.dhcp_option_long
                0x0000000000006948       0x48 C:\Users\87407\OneDrive\EMBcompCRPS_CH32\relese\ETH\NetLib\libwchnet.a(dhcp.o)
 .text.dhcp_option_trailer
                0x0000000000006990       0x34 C:\Users\87407\OneDrive\EMBcompCRPS_CH32\relese\ETH\NetLib\libwchnet.a(dhcp.o)
 .text.dhcp_create_request
                0x00000000000069c4      0x17e C:\Users\87407\OneDrive\EMBcompCRPS_CH32\relese\ETH\NetLib\libwchnet.a(dhcp.o)
 .text.dhcp_delete_request
                0x0000000000006b42       0x1e C:\Users\87407\OneDrive\EMBcompCRPS_CH32\relese\ETH\NetLib\libwchnet.a(dhcp.o)
 .text.dhcp_arp_reply
                0x0000000000006b60      0x182 C:\Users\87407\OneDrive\EMBcompCRPS_CH32\relese\ETH\NetLib\libwchnet.a(dhcp.o)
                0x0000000000006b60                dhcp_arp_reply
 .text.lwip_init
                0x0000000000006ce2       0x18 C:\Users\87407\OneDrive\EMBcompCRPS_CH32\relese\ETH\NetLib\libwchnet.a(init.o)
                0x0000000000006ce2                lwip_init
 .text.mem_init
                0x0000000000006cfa       0x3e C:\Users\87407\OneDrive\EMBcompCRPS_CH32\relese\ETH\NetLib\libwchnet.a(mem.o)
                0x0000000000006cfa                mem_init
 .text.mem_free
                0x0000000000006d38       0x84 C:\Users\87407\OneDrive\EMBcompCRPS_CH32\relese\ETH\NetLib\libwchnet.a(mem.o)
                0x0000000000006d38                mem_free
 .text.mem_realloc
                0x0000000000006dbc       0xca C:\Users\87407\OneDrive\EMBcompCRPS_CH32\relese\ETH\NetLib\libwchnet.a(mem.o)
                0x0000000000006dbc                mem_realloc
 .text.mem_malloc
                0x0000000000006e86       0xd0 C:\Users\87407\OneDrive\EMBcompCRPS_CH32\relese\ETH\NetLib\libwchnet.a(mem.o)
                0x0000000000006e86                mem_malloc
 .text.memp_init
                0x0000000000006f56       0x50 C:\Users\87407\OneDrive\EMBcompCRPS_CH32\relese\ETH\NetLib\libwchnet.a(memp.o)
                0x0000000000006f56                memp_init
 .text.memp_malloc
                0x0000000000006fa6       0x20 C:\Users\87407\OneDrive\EMBcompCRPS_CH32\relese\ETH\NetLib\libwchnet.a(memp.o)
                0x0000000000006fa6                memp_malloc
 .text.memp_free
                0x0000000000006fc6       0x18 C:\Users\87407\OneDrive\EMBcompCRPS_CH32\relese\ETH\NetLib\libwchnet.a(memp.o)
                0x0000000000006fc6                memp_free
 .text.netif_set_ipaddr
                0x0000000000006fde       0x96 C:\Users\87407\OneDrive\EMBcompCRPS_CH32\relese\ETH\NetLib\libwchnet.a(netif.o)
                0x0000000000006fde                netif_set_ipaddr
 .text.netif_set_addr
                0x0000000000007074       0x4e C:\Users\87407\OneDrive\EMBcompCRPS_CH32\relese\ETH\NetLib\libwchnet.a(netif.o)
                0x0000000000007074                netif_set_addr
 .text.netif_add
                0x00000000000070c2       0x5a C:\Users\87407\OneDrive\EMBcompCRPS_CH32\relese\ETH\NetLib\libwchnet.a(netif.o)
                0x00000000000070c2                netif_add
 .text.netif_set_default
                0x000000000000711c        0x6 C:\Users\87407\OneDrive\EMBcompCRPS_CH32\relese\ETH\NetLib\libwchnet.a(netif.o)
                0x000000000000711c                netif_set_default
 .text.netif_is_up
                0x0000000000007122        0x8 C:\Users\87407\OneDrive\EMBcompCRPS_CH32\relese\ETH\NetLib\libwchnet.a(netif.o)
                0x0000000000007122                netif_is_up
 .text.pbuf_header
                0x000000000000712a       0x6e C:\Users\87407\OneDrive\EMBcompCRPS_CH32\relese\ETH\NetLib\libwchnet.a(pbuf.o)
                0x000000000000712a                pbuf_header
 .text.pbuf_free
                0x0000000000007198       0x4e C:\Users\87407\OneDrive\EMBcompCRPS_CH32\relese\ETH\NetLib\libwchnet.a(pbuf.o)
                0x0000000000007198                pbuf_free
 .text.pbuf_alloc
                0x00000000000071e6      0x140 C:\Users\87407\OneDrive\EMBcompCRPS_CH32\relese\ETH\NetLib\libwchnet.a(pbuf.o)
                0x00000000000071e6                pbuf_alloc
 .text.pbuf_realloc
                0x0000000000007326       0x58 C:\Users\87407\OneDrive\EMBcompCRPS_CH32\relese\ETH\NetLib\libwchnet.a(pbuf.o)
                0x0000000000007326                pbuf_realloc
 .text.pbuf_clen
                0x000000000000737e       0x12 C:\Users\87407\OneDrive\EMBcompCRPS_CH32\relese\ETH\NetLib\libwchnet.a(pbuf.o)
                0x000000000000737e                pbuf_clen
 .text.pbuf_ref
                0x0000000000007390        0xa C:\Users\87407\OneDrive\EMBcompCRPS_CH32\relese\ETH\NetLib\libwchnet.a(pbuf.o)
                0x0000000000007390                pbuf_ref
 .text.pbuf_cat
                0x000000000000739a       0x1c C:\Users\87407\OneDrive\EMBcompCRPS_CH32\relese\ETH\NetLib\libwchnet.a(pbuf.o)
                0x000000000000739a                pbuf_cat
 .text.pbuf_chain
                0x00000000000073b6       0x14 C:\Users\87407\OneDrive\EMBcompCRPS_CH32\relese\ETH\NetLib\libwchnet.a(pbuf.o)
                0x00000000000073b6                pbuf_chain
 .text.pbuf_copy
                0x00000000000073ca       0x9c C:\Users\87407\OneDrive\EMBcompCRPS_CH32\relese\ETH\NetLib\libwchnet.a(pbuf.o)
                0x00000000000073ca                pbuf_copy
 .text.raw_input
                0x0000000000007466       0x68 C:\Users\87407\OneDrive\EMBcompCRPS_CH32\relese\ETH\NetLib\libwchnet.a(raw.o)
                0x0000000000007466                raw_input
 .text.raw_bind
                0x00000000000074ce       0x1e C:\Users\87407\OneDrive\EMBcompCRPS_CH32\relese\ETH\NetLib\libwchnet.a(raw.o)
                0x00000000000074ce                raw_bind
 .text.raw_connect
                0x00000000000074ec       0x1e C:\Users\87407\OneDrive\EMBcompCRPS_CH32\relese\ETH\NetLib\libwchnet.a(raw.o)
                0x00000000000074ec                raw_connect
 .text.raw_recv
                0x000000000000750a        0x6 C:\Users\87407\OneDrive\EMBcompCRPS_CH32\relese\ETH\NetLib\libwchnet.a(raw.o)
                0x000000000000750a                raw_recv
 .text.raw_sendto
                0x0000000000007510       0x7e C:\Users\87407\OneDrive\EMBcompCRPS_CH32\relese\ETH\NetLib\libwchnet.a(raw.o)
                0x0000000000007510                raw_sendto
 .text.raw_send
                0x000000000000758e       0x10 C:\Users\87407\OneDrive\EMBcompCRPS_CH32\relese\ETH\NetLib\libwchnet.a(raw.o)
                0x000000000000758e                raw_send
 .text.raw_new  0x000000000000759e       0x30 C:\Users\87407\OneDrive\EMBcompCRPS_CH32\relese\ETH\NetLib\libwchnet.a(raw.o)
                0x000000000000759e                raw_new
 .text.tcp_accept_null
                0x00000000000075ce        0x4 C:\Users\87407\OneDrive\EMBcompCRPS_CH32\relese\ETH\NetLib\libwchnet.a(tcp.o)
 .text.tcp_new_port
                0x00000000000075d2       0x5c C:\Users\87407\OneDrive\EMBcompCRPS_CH32\relese\ETH\NetLib\libwchnet.a(tcp.o)
 .text.tcp_bind
                0x000000000000762e      0x116 C:\Users\87407\OneDrive\EMBcompCRPS_CH32\relese\ETH\NetLib\libwchnet.a(tcp.o)
                0x000000000000762e                tcp_bind
 .text.tcp_listen_with_backlog
                0x0000000000007744       0x9a C:\Users\87407\OneDrive\EMBcompCRPS_CH32\relese\ETH\NetLib\libwchnet.a(tcp.o)
                0x0000000000007744                tcp_listen_with_backlog
 .text.tcp_update_rcv_ann_wnd
                0x00000000000077de       0x48 C:\Users\87407\OneDrive\EMBcompCRPS_CH32\relese\ETH\NetLib\libwchnet.a(tcp.o)
                0x00000000000077de                tcp_update_rcv_ann_wnd
 .text.tcp_recved
                0x0000000000007826       0x3c C:\Users\87407\OneDrive\EMBcompCRPS_CH32\relese\ETH\NetLib\libwchnet.a(tcp.o)
                0x0000000000007826                tcp_recved
 .text.tcp_seg_free
                0x0000000000007862       0x2a C:\Users\87407\OneDrive\EMBcompCRPS_CH32\relese\ETH\NetLib\libwchnet.a(tcp.o)
                0x0000000000007862                tcp_seg_free
 .text.tcp_segs_free
                0x000000000000788c       0x1e C:\Users\87407\OneDrive\EMBcompCRPS_CH32\relese\ETH\NetLib\libwchnet.a(tcp.o)
                0x000000000000788c                tcp_segs_free
 .text.tcp_seg_copy
                0x00000000000078aa       0x28 C:\Users\87407\OneDrive\EMBcompCRPS_CH32\relese\ETH\NetLib\libwchnet.a(tcp.o)
                0x00000000000078aa                tcp_seg_copy
 .text.tcp_arg  0x00000000000078d2        0x4 C:\Users\87407\OneDrive\EMBcompCRPS_CH32\relese\ETH\NetLib\libwchnet.a(tcp.o)
                0x00000000000078d2                tcp_arg
 .text.tcp_recv
                0x00000000000078d6        0x6 C:\Users\87407\OneDrive\EMBcompCRPS_CH32\relese\ETH\NetLib\libwchnet.a(tcp.o)
                0x00000000000078d6                tcp_recv
 .text.tcp_sent
                0x00000000000078dc        0x6 C:\Users\87407\OneDrive\EMBcompCRPS_CH32\relese\ETH\NetLib\libwchnet.a(tcp.o)
                0x00000000000078dc                tcp_sent
 .text.tcp_err  0x00000000000078e2        0x6 C:\Users\87407\OneDrive\EMBcompCRPS_CH32\relese\ETH\NetLib\libwchnet.a(tcp.o)
                0x00000000000078e2                tcp_err
 .text.tcp_accept
                0x00000000000078e8        0x4 C:\Users\87407\OneDrive\EMBcompCRPS_CH32\relese\ETH\NetLib\libwchnet.a(tcp.o)
                0x00000000000078e8                tcp_accept
 .text.tcp_poll
                0x00000000000078ec        0xa C:\Users\87407\OneDrive\EMBcompCRPS_CH32\relese\ETH\NetLib\libwchnet.a(tcp.o)
                0x00000000000078ec                tcp_poll
 .text.tcp_pcb_purge
                0x00000000000078f6       0x4e C:\Users\87407\OneDrive\EMBcompCRPS_CH32\relese\ETH\NetLib\libwchnet.a(tcp.o)
                0x00000000000078f6                tcp_pcb_purge
 .text.tcp_slowtmr
                0x0000000000007944      0x2ba C:\Users\87407\OneDrive\EMBcompCRPS_CH32\relese\ETH\NetLib\libwchnet.a(tcp.o)
                0x0000000000007944                tcp_slowtmr
 .text.tcp_pcb_remove
                0x0000000000007bfe       0x72 C:\Users\87407\OneDrive\EMBcompCRPS_CH32\relese\ETH\NetLib\libwchnet.a(tcp.o)
                0x0000000000007bfe                tcp_pcb_remove
 .text.tcp_close
                0x0000000000007c70       0xb2 C:\Users\87407\OneDrive\EMBcompCRPS_CH32\relese\ETH\NetLib\libwchnet.a(tcp.o)
                0x0000000000007c70                tcp_close
 .text.tcp_recv_null
                0x0000000000007d22       0x30 C:\Users\87407\OneDrive\EMBcompCRPS_CH32\relese\ETH\NetLib\libwchnet.a(tcp.o)
                0x0000000000007d22                tcp_recv_null
 .text.tcp_fasttmr
                0x0000000000007d52       0x62 C:\Users\87407\OneDrive\EMBcompCRPS_CH32\relese\ETH\NetLib\libwchnet.a(tcp.o)
                0x0000000000007d52                tcp_fasttmr
 .text.tcp_tmr  0x0000000000007db4       0x22 C:\Users\87407\OneDrive\EMBcompCRPS_CH32\relese\ETH\NetLib\libwchnet.a(tcp.o)
                0x0000000000007db4                tcp_tmr
 .text.tcp_fastsendack
                0x0000000000007dd6       0x7c C:\Users\87407\OneDrive\EMBcompCRPS_CH32\relese\ETH\NetLib\libwchnet.a(tcp.o)
                0x0000000000007dd6                tcp_fastsendack
 .text.tcp_abandon
                0x0000000000007e52       0x9a C:\Users\87407\OneDrive\EMBcompCRPS_CH32\relese\ETH\NetLib\libwchnet.a(tcp.o)
                0x0000000000007e52                tcp_abandon
 .text.tcp_next_iss
                0x0000000000007eec       0x10 C:\Users\87407\OneDrive\EMBcompCRPS_CH32\relese\ETH\NetLib\libwchnet.a(tcp.o)
                0x0000000000007eec                tcp_next_iss
 .text.tcp_alloc
                0x0000000000007efc      0x134 C:\Users\87407\OneDrive\EMBcompCRPS_CH32\relese\ETH\NetLib\libwchnet.a(tcp.o)
                0x0000000000007efc                tcp_alloc
 .text.tcp_new  0x0000000000008030       0x10 C:\Users\87407\OneDrive\EMBcompCRPS_CH32\relese\ETH\NetLib\libwchnet.a(tcp.o)
                0x0000000000008030                tcp_new
 .text.tcp_eff_send_mss
                0x0000000000008040       0x2e C:\Users\87407\OneDrive\EMBcompCRPS_CH32\relese\ETH\NetLib\libwchnet.a(tcp.o)
                0x0000000000008040                tcp_eff_send_mss
 .text.RemoveTimeWaiTCP
                0x000000000000806e       0x32 C:\Users\87407\OneDrive\EMBcompCRPS_CH32\relese\ETH\NetLib\libwchnet.a(tcp.o)
                0x000000000000806e                RemoveTimeWaiTCP
 .text.tcp_oos_insert_segment
                0x00000000000080a0       0xce C:\Users\87407\OneDrive\EMBcompCRPS_CH32\relese\ETH\NetLib\libwchnet.a(tcp_in.o)
 .text.tcp_receive
                0x000000000000816e      0x8f0 C:\Users\87407\OneDrive\EMBcompCRPS_CH32\relese\ETH\NetLib\libwchnet.a(tcp_in.o)
 .text.tcp_parseopt.isra.0
                0x0000000000008a5e       0xa6 C:\Users\87407\OneDrive\EMBcompCRPS_CH32\relese\ETH\NetLib\libwchnet.a(tcp_in.o)
 .text.tcp_input
                0x0000000000008b04      0x9d6 C:\Users\87407\OneDrive\EMBcompCRPS_CH32\relese\ETH\NetLib\libwchnet.a(tcp_in.o)
                0x0000000000008b04                tcp_input
 .text.tcp_output_set_header.isra.0.constprop.1
                0x00000000000094da       0xd4 C:\Users\87407\OneDrive\EMBcompCRPS_CH32\relese\ETH\NetLib\libwchnet.a(tcp_out.o)
 .text.tcp_enqueue
                0x00000000000095ae      0x448 C:\Users\87407\OneDrive\EMBcompCRPS_CH32\relese\ETH\NetLib\libwchnet.a(tcp_out.o)
                0x00000000000095ae                tcp_enqueue
 .text.tcp_send_ctrl
                0x00000000000099f6       0x16 C:\Users\87407\OneDrive\EMBcompCRPS_CH32\relese\ETH\NetLib\libwchnet.a(tcp_out.o)
                0x00000000000099f6                tcp_send_ctrl
 .text.tcp_write
                0x0000000000009a0c       0x30 C:\Users\87407\OneDrive\EMBcompCRPS_CH32\relese\ETH\NetLib\libwchnet.a(tcp_out.o)
                0x0000000000009a0c                tcp_write
 .text.tcp_send_empty_ack
                0x0000000000009a3c       0x70 C:\Users\87407\OneDrive\EMBcompCRPS_CH32\relese\ETH\NetLib\libwchnet.a(tcp_out.o)
                0x0000000000009a3c                tcp_send_empty_ack
 .text.tcp_output
                0x0000000000009aac      0x368 C:\Users\87407\OneDrive\EMBcompCRPS_CH32\relese\ETH\NetLib\libwchnet.a(tcp_out.o)
                0x0000000000009aac                tcp_output
 .text.tcp_rst  0x0000000000009e14      0x108 C:\Users\87407\OneDrive\EMBcompCRPS_CH32\relese\ETH\NetLib\libwchnet.a(tcp_out.o)
                0x0000000000009e14                tcp_rst
 .text.tcp_rexmit_rto
                0x0000000000009f1c       0x36 C:\Users\87407\OneDrive\EMBcompCRPS_CH32\relese\ETH\NetLib\libwchnet.a(tcp_out.o)
                0x0000000000009f1c                tcp_rexmit_rto
 .text.tcp_rexmit
                0x0000000000009f52       0x7c C:\Users\87407\OneDrive\EMBcompCRPS_CH32\relese\ETH\NetLib\libwchnet.a(tcp_out.o)
                0x0000000000009f52                tcp_rexmit
 .text.tcp_rexmit_fast
                0x0000000000009fce       0x62 C:\Users\87407\OneDrive\EMBcompCRPS_CH32\relese\ETH\NetLib\libwchnet.a(tcp_out.o)
                0x0000000000009fce                tcp_rexmit_fast
 .text.tcp_keepalive
                0x000000000000a030       0x5e C:\Users\87407\OneDrive\EMBcompCRPS_CH32\relese\ETH\NetLib\libwchnet.a(tcp_out.o)
                0x000000000000a030                tcp_keepalive
 .text.tcp_zero_window_probe
                0x000000000000a08e       0xd2 C:\Users\87407\OneDrive\EMBcompCRPS_CH32\relese\ETH\NetLib\libwchnet.a(tcp_out.o)
                0x000000000000a08e                tcp_zero_window_probe
 .text.udp_input
                0x000000000000a160      0x238 C:\Users\87407\OneDrive\EMBcompCRPS_CH32\relese\ETH\NetLib\libwchnet.a(udp.o)
                0x000000000000a160                udp_input
 .text.udp_bind
                0x000000000000a398       0x9a C:\Users\87407\OneDrive\EMBcompCRPS_CH32\relese\ETH\NetLib\libwchnet.a(udp.o)
                0x000000000000a398                udp_bind
 .text.udp_sendto_if
                0x000000000000a432       0xd6 C:\Users\87407\OneDrive\EMBcompCRPS_CH32\relese\ETH\NetLib\libwchnet.a(udp.o)
                0x000000000000a432                udp_sendto_if
 .text.udp_sendto
                0x000000000000a508       0x2e C:\Users\87407\OneDrive\EMBcompCRPS_CH32\relese\ETH\NetLib\libwchnet.a(udp.o)
                0x000000000000a508                udp_sendto
 .text.udp_send
                0x000000000000a536       0x12 C:\Users\87407\OneDrive\EMBcompCRPS_CH32\relese\ETH\NetLib\libwchnet.a(udp.o)
                0x000000000000a536                udp_send
 .text.udp_connect
                0x000000000000a548       0x7e C:\Users\87407\OneDrive\EMBcompCRPS_CH32\relese\ETH\NetLib\libwchnet.a(udp.o)
                0x000000000000a548                udp_connect
 .text.udp_recv
                0x000000000000a5c6        0x6 C:\Users\87407\OneDrive\EMBcompCRPS_CH32\relese\ETH\NetLib\libwchnet.a(udp.o)
                0x000000000000a5c6                udp_recv
 .text.udp_new  0x000000000000a5cc       0x24 C:\Users\87407\OneDrive\EMBcompCRPS_CH32\relese\ETH\NetLib\libwchnet.a(udp.o)
                0x000000000000a5cc                udp_new
 .text.icmp_send_response.isra.0
                0x000000000000a5f0       0x76 C:\Users\87407\OneDrive\EMBcompCRPS_CH32\relese\ETH\NetLib\libwchnet.a(icmp.o)
 .text.icmp_input
                0x000000000000a666      0x250 C:\Users\87407\OneDrive\EMBcompCRPS_CH32\relese\ETH\NetLib\libwchnet.a(icmp.o)
                0x000000000000a666                icmp_input
 .text.icmp_dest_unreach
                0x000000000000a8b6       0x14 C:\Users\87407\OneDrive\EMBcompCRPS_CH32\relese\ETH\NetLib\libwchnet.a(icmp.o)
                0x000000000000a8b6                icmp_dest_unreach
 .text.icmp_time_exceeded
                0x000000000000a8ca       0x14 C:\Users\87407\OneDrive\EMBcompCRPS_CH32\relese\ETH\NetLib\libwchnet.a(icmp.o)
                0x000000000000a8ca                icmp_time_exceeded
 .text.lwip_standard_chksum
                0x000000000000a8de       0x7e C:\Users\87407\OneDrive\EMBcompCRPS_CH32\relese\ETH\NetLib\libwchnet.a(inet_chksum.o)
 .text.inet_chksum_pseudo
                0x000000000000a95c      0x10a C:\Users\87407\OneDrive\EMBcompCRPS_CH32\relese\ETH\NetLib\libwchnet.a(inet_chksum.o)
                0x000000000000a95c                inet_chksum_pseudo
 .text.inet_chksum
                0x000000000000aa66       0x14 C:\Users\87407\OneDrive\EMBcompCRPS_CH32\relese\ETH\NetLib\libwchnet.a(inet_chksum.o)
                0x000000000000aa66                inet_chksum
 .text.inet_chksum_pbuf
                0x000000000000aa7a       0x6a C:\Users\87407\OneDrive\EMBcompCRPS_CH32\relese\ETH\NetLib\libwchnet.a(inet_chksum.o)
                0x000000000000aa7a                inet_chksum_pbuf
 .text.putchar  0x000000000000aae4       0x18 c:/mounriver/mounriver_studio/toolchain/risc-v embedded gcc/bin/../lib/gcc/riscv-none-embed/8.2.0/../../../../riscv-none-embed/lib/rv32imacxw/ilp32\libprintfloat.a(printfloat.o)
                0x000000000000aae4                putchar
 .text.printchar
                0x000000000000aafc       0x4a c:/mounriver/mounriver_studio/toolchain/risc-v embedded gcc/bin/../lib/gcc/riscv-none-embed/8.2.0/../../../../riscv-none-embed/lib/rv32imacxw/ilp32\libprintfloat.a(printfloat.o)
                0x000000000000aafc                printchar
 .text.prints   0x000000000000ab46       0xe0 c:/mounriver/mounriver_studio/toolchain/risc-v embedded gcc/bin/../lib/gcc/riscv-none-embed/8.2.0/../../../../riscv-none-embed/lib/rv32imacxw/ilp32\libprintfloat.a(printfloat.o)
                0x000000000000ab46                prints
 .text.printInt
                0x000000000000ac26       0xf2 c:/mounriver/mounriver_studio/toolchain/risc-v embedded gcc/bin/../lib/gcc/riscv-none-embed/8.2.0/../../../../riscv-none-embed/lib/rv32imacxw/ilp32\libprintfloat.a(printfloat.o)
                0x000000000000ac26                printInt
 .text.printLongLongInt
                0x000000000000ad18      0x120 c:/mounriver/mounriver_studio/toolchain/risc-v embedded gcc/bin/../lib/gcc/riscv-none-embed/8.2.0/../../../../riscv-none-embed/lib/rv32imacxw/ilp32\libprintfloat.a(printfloat.o)
                0x000000000000ad18                printLongLongInt
 .text.printDouble
                0x000000000000ae38      0x100 c:/mounriver/mounriver_studio/toolchain/risc-v embedded gcc/bin/../lib/gcc/riscv-none-embed/8.2.0/../../../../riscv-none-embed/lib/rv32imacxw/ilp32\libprintfloat.a(printfloat.o)
                0x000000000000ae38                printDouble
 .text.print    0x000000000000af38      0x358 c:/mounriver/mounriver_studio/toolchain/risc-v embedded gcc/bin/../lib/gcc/riscv-none-embed/8.2.0/../../../../riscv-none-embed/lib/rv32imacxw/ilp32\libprintfloat.a(printfloat.o)
                0x000000000000af38                print
 .text.printf   0x000000000000b290       0x24 c:/mounriver/mounriver_studio/toolchain/risc-v embedded gcc/bin/../lib/gcc/riscv-none-embed/8.2.0/../../../../riscv-none-embed/lib/rv32imacxw/ilp32\libprintfloat.a(printfloat.o)
                0x000000000000b290                printf
 .text.sprintf  0x000000000000b2b4       0x28 c:/mounriver/mounriver_studio/toolchain/risc-v embedded gcc/bin/../lib/gcc/riscv-none-embed/8.2.0/../../../../riscv-none-embed/lib/rv32imacxw/ilp32\libprintfloat.a(printfloat.o)
                0x000000000000b2b4                sprintf
 .text.puts     0x000000000000b2dc       0x4a c:/mounriver/mounriver_studio/toolchain/risc-v embedded gcc/bin/../lib/gcc/riscv-none-embed/8.2.0/../../../../riscv-none-embed/lib/rv32imacxw/ilp32\libprintfloat.a(printfloat.o)
                0x000000000000b2dc                puts
 .text.__udivdi3
                0x000000000000b326      0x392 c:/mounriver/mounriver_studio/toolchain/risc-v embedded gcc/bin/../lib/gcc/riscv-none-embed/8.2.0/rv32imacxw/ilp32\libgcc.a(_udivdi3.o)
                0x000000000000b326                __udivdi3
 .text.__umoddi3
                0x000000000000b6b8      0x38a c:/mounriver/mounriver_studio/toolchain/risc-v embedded gcc/bin/../lib/gcc/riscv-none-embed/8.2.0/rv32imacxw/ilp32\libgcc.a(_umoddi3.o)
                0x000000000000b6b8                __umoddi3
 .text.__adddf3
                0x000000000000ba42      0x730 c:/mounriver/mounriver_studio/toolchain/risc-v embedded gcc/bin/../lib/gcc/riscv-none-embed/8.2.0/rv32imacxw/ilp32\libgcc.a(adddf3.o)
                0x000000000000ba42                __adddf3
 .text.__divdf3
                0x000000000000c172      0x5b4 c:/mounriver/mounriver_studio/toolchain/risc-v embedded gcc/bin/../lib/gcc/riscv-none-embed/8.2.0/rv32imacxw/ilp32\libgcc.a(divdf3.o)
                0x000000000000c172                __divdf3
 .text.__eqdf2  0x000000000000c726       0x6a c:/mounriver/mounriver_studio/toolchain/risc-v embedded gcc/bin/../lib/gcc/riscv-none-embed/8.2.0/rv32imacxw/ilp32\libgcc.a(eqdf2.o)
                0x000000000000c726                __nedf2
                0x000000000000c726                __eqdf2
 .text.__gedf2  0x000000000000c790       0xae c:/mounriver/mounriver_studio/toolchain/risc-v embedded gcc/bin/../lib/gcc/riscv-none-embed/8.2.0/rv32imacxw/ilp32\libgcc.a(gedf2.o)
                0x000000000000c790                __gedf2
                0x000000000000c790                __gtdf2
 .text.__ledf2  0x000000000000c83e       0xb6 c:/mounriver/mounriver_studio/toolchain/risc-v embedded gcc/bin/../lib/gcc/riscv-none-embed/8.2.0/rv32imacxw/ilp32\libgcc.a(ledf2.o)
                0x000000000000c83e                __ledf2
                0x000000000000c83e                __ltdf2
 .text.__muldf3
                0x000000000000c8f4      0x4b8 c:/mounriver/mounriver_studio/toolchain/risc-v embedded gcc/bin/../lib/gcc/riscv-none-embed/8.2.0/rv32imacxw/ilp32\libgcc.a(muldf3.o)
                0x000000000000c8f4                __muldf3
 .text.__subdf3
                0x000000000000cdac      0x73c c:/mounriver/mounriver_studio/toolchain/risc-v embedded gcc/bin/../lib/gcc/riscv-none-embed/8.2.0/rv32imacxw/ilp32\libgcc.a(subdf3.o)
                0x000000000000cdac                __subdf3
 .text.__unorddf2
                0x000000000000d4e8       0x3c c:/mounriver/mounriver_studio/toolchain/risc-v embedded gcc/bin/../lib/gcc/riscv-none-embed/8.2.0/rv32imacxw/ilp32\libgcc.a(unorddf2.o)
                0x000000000000d4e8                __unorddf2
 .text.__floatsidf
                0x000000000000d524       0x70 c:/mounriver/mounriver_studio/toolchain/risc-v embedded gcc/bin/../lib/gcc/riscv-none-embed/8.2.0/rv32imacxw/ilp32\libgcc.a(floatsidf.o)
                0x000000000000d524                __floatsidf
 .text.__floatunsidf
                0x000000000000d594       0x66 c:/mounriver/mounriver_studio/toolchain/risc-v embedded gcc/bin/../lib/gcc/riscv-none-embed/8.2.0/rv32imacxw/ilp32\libgcc.a(floatunsidf.o)
                0x000000000000d594                __floatunsidf
 .text.__fixdfdi
                0x000000000000d5fa       0xbc c:/mounriver/mounriver_studio/toolchain/risc-v embedded gcc/bin/../lib/gcc/riscv-none-embed/8.2.0/rv32imacxw/ilp32\libgcc.a(fixdfdi.o)
                0x000000000000d5fa                __fixdfdi
 .text.__floatdidf
                0x000000000000d6b6      0x1b2 c:/mounriver/mounriver_studio/toolchain/risc-v embedded gcc/bin/../lib/gcc/riscv-none-embed/8.2.0/rv32imacxw/ilp32\libgcc.a(floatdidf.o)
                0x000000000000d6b6                __floatdidf
 .text.__clzsi2
                0x000000000000d868       0x6e c:/mounriver/mounriver_studio/toolchain/risc-v embedded gcc/bin/../lib/gcc/riscv-none-embed/8.2.0/rv32imacxw/ilp32\libgcc.a(_clzsi2.o)
                0x000000000000d868                __clzsi2
 .text.__errno  0x000000000000d8d6        0x8 c:/mounriver/mounriver_studio/toolchain/risc-v embedded gcc/bin/../lib/gcc/riscv-none-embed/8.2.0/../../../../riscv-none-embed/lib/rv32imacxw/ilp32\libg_nano.a(lib_a-errno.o)
                0x000000000000d8d6                __errno
 .text.memcpy   0x000000000000d8de       0xb2 c:/mounriver/mounriver_studio/toolchain/risc-v embedded gcc/bin/../lib/gcc/riscv-none-embed/8.2.0/../../../../riscv-none-embed/lib/rv32imacxw/ilp32\libg_nano.a(lib_a-memcpy.o)
                0x000000000000d8de                memcpy
 .text.strlen   0x000000000000d990       0x12 c:/mounriver/mounriver_studio/toolchain/risc-v embedded gcc/bin/../lib/gcc/riscv-none-embed/8.2.0/../../../../riscv-none-embed/lib/rv32imacxw/ilp32\libg_nano.a(lib_a-strlen.o)
                0x000000000000d990                strlen
 .text.strncmp  0x000000000000d9a2       0x28 c:/mounriver/mounriver_studio/toolchain/risc-v embedded gcc/bin/../lib/gcc/riscv-none-embed/8.2.0/../../../../riscv-none-embed/lib/rv32imacxw/ilp32\libg_nano.a(lib_a-strncmp.o)
                0x000000000000d9a2                strncmp
 .text.strncpy  0x000000000000d9ca       0x24 c:/mounriver/mounriver_studio/toolchain/risc-v embedded gcc/bin/../lib/gcc/riscv-none-embed/8.2.0/../../../../riscv-none-embed/lib/rv32imacxw/ilp32\libg_nano.a(lib_a-strncpy.o)
                0x000000000000d9ca                strncpy
 .text._strtol_l.isra.0
                0x000000000000d9ee      0x138 c:/mounriver/mounriver_studio/toolchain/risc-v embedded gcc/bin/../lib/gcc/riscv-none-embed/8.2.0/../../../../riscv-none-embed/lib/rv32imacxw/ilp32\libg_nano.a(lib_a-strtol.o)
 .text.strtol   0x000000000000db26       0x1e c:/mounriver/mounriver_studio/toolchain/risc-v embedded gcc/bin/../lib/gcc/riscv-none-embed/8.2.0/../../../../riscv-none-embed/lib/rv32imacxw/ilp32\libg_nano.a(lib_a-strtol.o)
                0x000000000000db26                strtol
 .text.__locale_ctype_ptr_l
                0x000000000000db44        0x6 c:/mounriver/mounriver_studio/toolchain/risc-v embedded gcc/bin/../lib/gcc/riscv-none-embed/8.2.0/../../../../riscv-none-embed/lib/rv32imacxw/ilp32\libg_nano.a(lib_a-locale.o)
                0x000000000000db44                __locale_ctype_ptr_l
 .text.__ascii_mbtowc
                0x000000000000db4a       0x32 c:/mounriver/mounriver_studio/toolchain/risc-v embedded gcc/bin/../lib/gcc/riscv-none-embed/8.2.0/../../../../riscv-none-embed/lib/rv32imacxw/ilp32\libg_nano.a(lib_a-mbtowc_r.o)
                0x000000000000db4a                __ascii_mbtowc
 .text.__ascii_wctomb
                0x000000000000db7c       0x1e c:/mounriver/mounriver_studio/toolchain/risc-v embedded gcc/bin/../lib/gcc/riscv-none-embed/8.2.0/../../../../riscv-none-embed/lib/rv32imacxw/ilp32\libg_nano.a(lib_a-wctomb_r.o)
                0x000000000000db7c                __ascii_wctomb
 *(.rodata)
 *(.rodata*)
 *fill*         0x000000000000db9a        0x2 
 .rodata.HardFault_Handler.str1.4
                0x000000000000db9c       0x42 ./User/ch32v30x_it.o
 *fill*         0x000000000000dbde        0x2 
 .rodata.WCHNET_CreateTcpSocketListen.str1.4
                0x000000000000dbe0       0x17 ./User/main.o
 *fill*         0x000000000000dbf7        0x1 
 .rodata.WCHNET_DataLoopback.cst8
                0x000000000000dbf8       0x28 ./User/main.o
 .rodata.WCHNET_DataLoopback.str1.4
                0x000000000000dc20       0x98 ./User/main.o
 .rodata.WCHNET_HandleGlobalInt.str1.4
                0x000000000000dcb8       0x50 ./User/main.o
 .rodata.WCHNET_HandleSockInt.str1.4
                0x000000000000dd08       0x45 ./User/main.o
 *fill*         0x000000000000dd4d        0x3 
 .rodata.mStopIfError.str1.4
                0x000000000000dd50        0xe ./User/main.o
 *fill*         0x000000000000dd5e        0x2 
 .rodata.main.str1.4
                0x000000000000dd60       0xe1 ./User/main.o
 *fill*         0x000000000000de41        0x3 
 .rodata.MemNum
                0x000000000000de44       0x10 ./NetLib/eth_driver_10M.o
                0x000000000000de44                MemNum
 .rodata.MemSize
                0x000000000000de54       0x10 ./NetLib/eth_driver_10M.o
                0x000000000000de54                MemSize
 *fill*         0x000000000000de64        0x4 
 .rodata.pow.cst8
                0x000000000000de68       0x28 c:/mounriver/mounriver_studio/toolchain/risc-v embedded gcc/bin/../lib/gcc/riscv-none-embed/8.2.0/../../../../riscv-none-embed/lib/rv32imacxw/ilp32\libm.a(lib_a-w_pow.o)
                                         0x30 (size before relaxing)
 .rodata.pow.str1.4
                0x000000000000de90        0x4 c:/mounriver/mounriver_studio/toolchain/risc-v embedded gcc/bin/../lib/gcc/riscv-none-embed/8.2.0/../../../../riscv-none-embed/lib/rv32imacxw/ilp32\libm.a(lib_a-w_pow.o)
 *fill*         0x000000000000de94        0x4 
 .rodata.__ieee754_pow.cst8
                0x000000000000de98       0xf0 c:/mounriver/mounriver_studio/toolchain/risc-v embedded gcc/bin/../lib/gcc/riscv-none-embed/8.2.0/../../../../riscv-none-embed/lib/rv32imacxw/ilp32\libm.a(lib_a-e_pow.o)
                                        0x110 (size before relaxing)
 .rodata.__ieee754_pow.str1.4
                0x000000000000df88        0x4 c:/mounriver/mounriver_studio/toolchain/risc-v embedded gcc/bin/../lib/gcc/riscv-none-embed/8.2.0/../../../../riscv-none-embed/lib/rv32imacxw/ilp32\libm.a(lib_a-e_pow.o)
                                          0x1 (size before relaxing)
 .rodata.nan.cst8
                0x000000000000df88        0x8 c:/mounriver/mounriver_studio/toolchain/risc-v embedded gcc/bin/../lib/gcc/riscv-none-embed/8.2.0/../../../../riscv-none-embed/lib/rv32imacxw/ilp32\libm.a(lib_a-s_nan.o)
 .rodata.TWO52  0x000000000000df90       0x10 c:/mounriver/mounriver_studio/toolchain/risc-v embedded gcc/bin/../lib/gcc/riscv-none-embed/8.2.0/../../../../riscv-none-embed/lib/rv32imacxw/ilp32\libm.a(lib_a-s_rint.o)
 .rodata.scalbn.cst8
                0x000000000000dfa0       0x10 c:/mounriver/mounriver_studio/toolchain/risc-v embedded gcc/bin/../lib/gcc/riscv-none-embed/8.2.0/../../../../riscv-none-embed/lib/rv32imacxw/ilp32\libm.a(lib_a-s_scalbn.o)
                                         0x20 (size before relaxing)
 .rodata.ErrTable
                0x000000000000dfb0       0x10 C:\Users\87407\OneDrive\EMBcompCRPS_CH32\relese\ETH\NetLib\libwchnet.a(socket.o)
                0x000000000000dfb0                ErrTable
 .rodata.tcp_close
                0x000000000000dfc0       0x20 C:\Users\87407\OneDrive\EMBcompCRPS_CH32\relese\ETH\NetLib\libwchnet.a(tcp.o)
 .rodata.tcp_backoff
                0x000000000000dfe0        0xd C:\Users\87407\OneDrive\EMBcompCRPS_CH32\relese\ETH\NetLib\libwchnet.a(tcp.o)
                0x000000000000dfe0                tcp_backoff
 *fill*         0x000000000000dfed        0x3 
 .rodata.tcp_input
                0x000000000000dff0       0x20 C:\Users\87407\OneDrive\EMBcompCRPS_CH32\relese\ETH\NetLib\libwchnet.a(tcp_in.o)
 .rodata.print.str1.4
                0x000000000000e010        0x7 c:/mounriver/mounriver_studio/toolchain/risc-v embedded gcc/bin/../lib/gcc/riscv-none-embed/8.2.0/../../../../riscv-none-embed/lib/rv32imacxw/ilp32\libprintfloat.a(printfloat.o)
 *fill*         0x000000000000e017        0x1 
 .rodata.__divdf3
                0x000000000000e018       0x40 c:/mounriver/mounriver_studio/toolchain/risc-v embedded gcc/bin/../lib/gcc/riscv-none-embed/8.2.0/rv32imacxw/ilp32\libgcc.a(divdf3.o)
 .rodata.__muldf3
                0x000000000000e058       0x40 c:/mounriver/mounriver_studio/toolchain/risc-v embedded gcc/bin/../lib/gcc/riscv-none-embed/8.2.0/rv32imacxw/ilp32\libgcc.a(muldf3.o)
 .rodata.__clz_tab
                0x000000000000e098      0x100 c:/mounriver/mounriver_studio/toolchain/risc-v embedded gcc/bin/../lib/gcc/riscv-none-embed/8.2.0/rv32imacxw/ilp32\libgcc.a(_clz.o)
                0x000000000000e098                __clz_tab
 .rodata._setlocale_r.str1.4
                0x000000000000e198        0xa c:/mounriver/mounriver_studio/toolchain/risc-v embedded gcc/bin/../lib/gcc/riscv-none-embed/8.2.0/../../../../riscv-none-embed/lib/rv32imacxw/ilp32\libg_nano.a(lib_a-locale.o)
                                          0xd (size before relaxing)
 *fill*         0x000000000000e1a2        0x2 
 .rodata.str1.4
                0x000000000000e1a4        0x4 c:/mounriver/mounriver_studio/toolchain/risc-v embedded gcc/bin/../lib/gcc/riscv-none-embed/8.2.0/../../../../riscv-none-embed/lib/rv32imacxw/ilp32\libg_nano.a(lib_a-locale.o)
                                          0x2 (size before relaxing)
 .rodata._ctype_
                0x000000000000e1a8      0x101 c:/mounriver/mounriver_studio/toolchain/risc-v embedded gcc/bin/../lib/gcc/riscv-none-embed/8.2.0/../../../../riscv-none-embed/lib/rv32imacxw/ilp32\libg_nano.a(lib_a-ctype_.o)
                0x000000000000e1a8                _ctype_
 *(.gnu.linkonce.t.*)
                0x000000000000e2ac                . = ALIGN (0x4)
 *fill*         0x000000000000e2a9        0x3 

.rela.dyn       0x000000000000e2ac        0x0
 .rela.text.HardFault_Handler
                0x000000000000e2ac        0x0 ./User/ch32v30x_it.o
 .rela.text.mStopIfError
                0x000000000000e2ac        0x0 ./User/ch32v30x_it.o
 .rela.text.WCHNET_CreateTcpSocketListen
                0x000000000000e2ac        0x0 ./User/ch32v30x_it.o
 .rela.text.WCHNET_DataLoopback
                0x000000000000e2ac        0x0 ./User/ch32v30x_it.o
 .rela.text.WCHNET_HandleSockInt
                0x000000000000e2ac        0x0 ./User/ch32v30x_it.o
 .rela.text.WCHNET_HandleGlobalInt
                0x000000000000e2ac        0x0 ./User/ch32v30x_it.o
 .rela.text.startup.main
                0x000000000000e2ac        0x0 ./User/ch32v30x_it.o
 .rela.init     0x000000000000e2ac        0x0 ./User/ch32v30x_it.o
 .rela.vector   0x000000000000e2ac        0x0 ./User/ch32v30x_it.o
 .rela.text.handle_reset
                0x000000000000e2ac        0x0 ./User/ch32v30x_it.o
 .rela.text.prints
                0x000000000000e2ac        0x0 ./User/ch32v30x_it.o
 .rela.text.printInt
                0x000000000000e2ac        0x0 ./User/ch32v30x_it.o
 .rela.text.printLongLongInt
                0x000000000000e2ac        0x0 ./User/ch32v30x_it.o
 .rela.text.printDouble
                0x000000000000e2ac        0x0 ./User/ch32v30x_it.o
 .rela.text.print
                0x000000000000e2ac        0x0 ./User/ch32v30x_it.o
 .rela.text.printf
                0x000000000000e2ac        0x0 ./User/ch32v30x_it.o
 .rela.text.sprintf
                0x000000000000e2ac        0x0 ./User/ch32v30x_it.o
 .rela.data.impure_data
                0x000000000000e2ac        0x0 ./User/ch32v30x_it.o

.fini           0x000000000000e2ac        0x0
 *(SORT_NONE(.fini))
                0x000000000000e2ac                . = ALIGN (0x4)
                [!provide]                        PROVIDE (_etext = .)
                [!provide]                        PROVIDE (_eitcm = .)

.preinit_array  0x000000000000e2ac        0x0
                [!provide]                        PROVIDE (__preinit_array_start = .)
 *(.preinit_array)
                [!provide]                        PROVIDE (__preinit_array_end = .)

.init_array     0x000000000000e2ac        0x0
                [!provide]                        PROVIDE (__init_array_start = .)
 *(SORT_BY_INIT_PRIORITY(.init_array.*) SORT_BY_INIT_PRIORITY(.ctors.*))
 *(.init_array EXCLUDE_FILE(*crtend?.o *crtend.o *crtbegin?.o *crtbegin.o) .ctors)
                [!provide]                        PROVIDE (__init_array_end = .)

.fini_array     0x000000000000e2ac        0x0
                [!provide]                        PROVIDE (__fini_array_start = .)
 *(SORT_BY_INIT_PRIORITY(.fini_array.*) SORT_BY_INIT_PRIORITY(.dtors.*))
 *(.fini_array EXCLUDE_FILE(*crtend?.o *crtend.o *crtbegin?.o *crtbegin.o) .dtors)
                [!provide]                        PROVIDE (__fini_array_end = .)

.ctors
 *crtbegin.o(.ctors)
 *crtbegin?.o(.ctors)
 *(EXCLUDE_FILE(*crtend?.o *crtend.o) .ctors)
 *(SORT_BY_NAME(.ctors.*))
 *(.ctors)

.dtors
 *crtbegin.o(.dtors)
 *crtbegin?.o(.dtors)
 *(EXCLUDE_FILE(*crtend?.o *crtend.o) .dtors)
 *(SORT_BY_NAME(.dtors.*))
 *(.dtors)

.dalign         0x0000000020000000        0x0 load address 0x000000000000e2ac
                0x0000000020000000                . = ALIGN (0x4)
                0x0000000020000000                PROVIDE (_data_vma = .)

.dlalign        0x000000000000e2ac        0x0
                0x000000000000e2ac                . = ALIGN (0x4)
                0x000000000000e2ac                PROVIDE (_data_lma = .)

.data           0x0000000020000000      0x350 load address 0x000000000000e2ac
 *(.gnu.linkonce.r.*)
 *(.data .data.*)
 .data.ws2812_color
                0x0000000020000000      0x100 ./User/main.o
                0x0000000020000000                ws2812_color
 .data.AHBPrescTable
                0x0000000020000100       0x10 ./User/system_ch32v30x.o
                0x0000000020000100                AHBPrescTable
 .data.APBAHBPrescTable
                0x0000000020000110       0x10 ./Peripheral/src/ch32v30x_rcc.o
 .data.impure_data
                0x0000000020000120       0x60 c:/mounriver/mounriver_studio/toolchain/risc-v embedded gcc/bin/../lib/gcc/riscv-none-embed/8.2.0/../../../../riscv-none-embed/lib/rv32imacxw/ilp32\libg_nano.a(lib_a-impure.o)
 .data.__global_locale
                0x0000000020000180      0x16c c:/mounriver/mounriver_studio/toolchain/risc-v embedded gcc/bin/../lib/gcc/riscv-none-embed/8.2.0/../../../../riscv-none-embed/lib/rv32imacxw/ilp32\libg_nano.a(lib_a-locale.o)
                0x0000000020000180                __global_locale
 *(.gnu.linkonce.d.*)
                0x00000000200002f0                . = ALIGN (0x8)
 *fill*         0x00000000200002ec        0x4 
                0x0000000020000af0                PROVIDE (__global_pointer$ = (. + 0x800))
 *(.sdata .sdata.*)
 .sdata.GWIPAddr
                0x00000000200002f0        0x4 ./User/main.o
                0x00000000200002f0                GWIPAddr
 .sdata.IPAddr  0x00000000200002f4        0x4 ./User/main.o
                0x00000000200002f4                IPAddr
 .sdata.IPMask  0x00000000200002f8        0x4 ./User/main.o
                0x00000000200002f8                IPMask
 .sdata.srcport
                0x00000000200002fc        0x2 ./User/main.o
                0x00000000200002fc                srcport
 *fill*         0x00000000200002fe        0x2 
 .sdata.SystemCoreClock
                0x0000000020000300        0x4 ./User/system_ch32v30x.o
                0x0000000020000300                SystemCoreClock
 .sdata.ADCPrescTable
                0x0000000020000304        0x4 ./Peripheral/src/ch32v30x_rcc.o
 .sdata.LinkTaskPeriod
                0x0000000020000308        0x1 ./NetLib/eth_driver_10M.o
                0x0000000020000308                LinkTaskPeriod
 .sdata.phyPN   0x0000000020000309        0x1 ./NetLib/eth_driver_10M.o
                0x0000000020000309                phyPN
 *fill*         0x000000002000030a        0x2 
 .sdata.__fdlib_version
                0x000000002000030c        0x4 c:/mounriver/mounriver_studio/toolchain/risc-v embedded gcc/bin/../lib/gcc/riscv-none-embed/8.2.0/../../../../riscv-none-embed/lib/rv32imacxw/ilp32\libm.a(lib_a-s_lib_ver.o)
                0x000000002000030c                __fdlib_version
 .sdata.arp_table
                0x0000000020000310        0x4 C:\Users\87407\OneDrive\EMBcompCRPS_CH32\relese\ETH\NetLib\libwchnet.a(etharp.o)
                0x0000000020000310                arp_table
 .sdata.xid.3256
                0x0000000020000314        0x4 C:\Users\87407\OneDrive\EMBcompCRPS_CH32\relese\ETH\NetLib\libwchnet.a(dhcp.o)
 .sdata.memp_num
                0x0000000020000318        0x4 C:\Users\87407\OneDrive\EMBcompCRPS_CH32\relese\ETH\NetLib\libwchnet.a(memp.o)
                0x0000000020000318                memp_num
 .sdata.memp_sizes
                0x000000002000031c        0x4 C:\Users\87407\OneDrive\EMBcompCRPS_CH32\relese\ETH\NetLib\libwchnet.a(memp.o)
                0x000000002000031c                memp_sizes
 .sdata.iss.3186
                0x0000000020000320        0x4 C:\Users\87407\OneDrive\EMBcompCRPS_CH32\relese\ETH\NetLib\libwchnet.a(tcp.o)
 .sdata.port.3018
                0x0000000020000324        0x2 C:\Users\87407\OneDrive\EMBcompCRPS_CH32\relese\ETH\NetLib\libwchnet.a(tcp.o)
 *fill*         0x0000000020000326        0x2 
 .sdata._impure_ptr
                0x0000000020000328        0x4 c:/mounriver/mounriver_studio/toolchain/risc-v embedded gcc/bin/../lib/gcc/riscv-none-embed/8.2.0/../../../../riscv-none-embed/lib/rv32imacxw/ilp32\libg_nano.a(lib_a-impure.o)
                0x0000000020000328                _impure_ptr
 *(.sdata2.*)
 .sdata2.ethbroadcast
                0x000000002000032c        0x6 C:\Users\87407\OneDrive\EMBcompCRPS_CH32\relese\ETH\NetLib\libwchnet.a(etharp.o)
                0x000000002000032c                ethbroadcast
 *fill*         0x0000000020000332        0x2 
 .sdata2.ethzero
                0x0000000020000334        0x6 C:\Users\87407\OneDrive\EMBcompCRPS_CH32\relese\ETH\NetLib\libwchnet.a(etharp.o)
                0x0000000020000334                ethzero
 *fill*         0x000000002000033a        0x2 
 .sdata2.ip_addr_any
                0x000000002000033c        0x4 C:\Users\87407\OneDrive\EMBcompCRPS_CH32\relese\ETH\NetLib\libwchnet.a(ip_addr.o)
                0x000000002000033c                ip_addr_any
 .sdata2.ip_addr_broadcast
                0x0000000020000340        0x4 C:\Users\87407\OneDrive\EMBcompCRPS_CH32\relese\ETH\NetLib\libwchnet.a(ip_addr.o)
                0x0000000020000340                ip_addr_broadcast
 .sdata2.tcp_persist_backoff
                0x0000000020000344        0x7 C:\Users\87407\OneDrive\EMBcompCRPS_CH32\relese\ETH\NetLib\libwchnet.a(tcp.o)
                0x0000000020000344                tcp_persist_backoff
 *(.gnu.linkonce.s.*)
                0x0000000020000350                . = ALIGN (0x8)
 *fill*         0x000000002000034b        0x5 
 *(.srodata.cst16)
 *(.srodata.cst8)
 *(.srodata.cst4)
 *(.srodata.cst2)
 *(.srodata .srodata.*)
                0x0000000020000350                . = ALIGN (0x4)
                0x0000000020000350                PROVIDE (_edata = .)

.bss            0x0000000020000350     0x90ac load address 0x000000000000e5fc
                0x0000000020000350                . = ALIGN (0x4)
                0x0000000020000350                PROVIDE (_sbss = .)
 *(.sbss*)
 .sbss.MACAddr  0x0000000020000350        0x6 ./User/main.o
                0x0000000020000350                MACAddr
 .sbss.SocketIdForListen
                0x0000000020000356        0x1 ./User/main.o
                0x0000000020000356                SocketIdForListen
 *fill*         0x0000000020000357        0x1 
 .sbss.socket   0x0000000020000358        0x2 ./User/main.o
                0x0000000020000358                socket
 *fill*         0x000000002000035a        0x2 
 .sbss.DMARxDescToGet
                0x000000002000035c        0x4 ./Peripheral/src/ch32v30x_eth.o
                0x000000002000035c                DMARxDescToGet
 .sbss.DMATxDescToSet
                0x0000000020000360        0x4 ./Peripheral/src/ch32v30x_eth.o
                0x0000000020000360                DMATxDescToSet
 .sbss.ChipId   0x0000000020000364        0x4 ./NetLib/eth_driver_10M.o
                0x0000000020000364                ChipId
 .sbss.DuplexMode
                0x0000000020000368        0x1 ./NetLib/eth_driver_10M.o
                0x0000000020000368                DuplexMode
 *fill*         0x0000000020000369        0x3 
 .sbss.LinkSuccTime
                0x000000002000036c        0x4 ./NetLib/eth_driver_10M.o
                0x000000002000036c                LinkSuccTime
 .sbss.LocalTime
                0x0000000020000370        0x4 ./NetLib/eth_driver_10M.o
                0x0000000020000370                LocalTime
 .sbss.PhyPolarityDetect
                0x0000000020000374        0x1 ./NetLib/eth_driver_10M.o
                0x0000000020000374                PhyPolarityDetect
 *fill*         0x0000000020000375        0x3 
 .sbss.RandVal  0x0000000020000378        0x4 ./NetLib/eth_driver_10M.o
                0x0000000020000378                RandVal
 .sbss.ReInitMACFlag
                0x000000002000037c        0x1 ./NetLib/eth_driver_10M.o
                0x000000002000037c                ReInitMACFlag
 .sbss.TRDetectCnt
                0x000000002000037d        0x1 ./NetLib/eth_driver_10M.o
                0x000000002000037d                TRDetectCnt
 .sbss.TRDetectStep
                0x000000002000037e        0x1 ./NetLib/eth_driver_10M.o
                0x000000002000037e                TRDetectStep
 *fill*         0x000000002000037f        0x1 
 .sbss.gPHYAddress
                0x0000000020000380        0x2 ./NetLib/eth_driver_10M.o
                0x0000000020000380                gPHYAddress
 *fill*         0x0000000020000382        0x2 
 .sbss.pDMARxSet
                0x0000000020000384        0x4 ./NetLib/eth_driver_10M.o
                0x0000000020000384                pDMARxSet
 .sbss.pDMATxSet
                0x0000000020000388        0x4 ./NetLib/eth_driver_10M.o
                0x0000000020000388                pDMATxSet
 .sbss.phyLinkCnt
                0x000000002000038c        0x1 ./NetLib/eth_driver_10M.o