Archive member included to satisfy reference by file (symbol)

c:/mounriver/mounriver_studio/toolchain/risc-v embedded gcc/bin/../lib/gcc/riscv-none-embed/8.2.0/rv32imacxw/ilp32\libgcc.a(save-restore.o)
                              ./User/PD_Process.o (__riscv_save_8)
c:/mounriver/mounriver_studio/toolchain/risc-v embedded gcc/bin/../lib/gcc/riscv-none-embed/8.2.0/../../../../riscv-none-embed/lib/rv32imacxw/ilp32\libg_nano.a(lib_a-memcpy.o)
                              ./User/PD_Process.o (memcpy)
c:/mounriver/mounriver_studio/toolchain/risc-v embedded gcc/bin/../lib/gcc/riscv-none-embed/8.2.0/../../../../riscv-none-embed/lib/rv32imacxw/ilp32\libg_nano.a(lib_a-memset.o)
                              ./User/PD_Process.o (memset)
c:/mounriver/mounriver_studio/toolchain/risc-v embedded gcc/bin/../lib/gcc/riscv-none-embed/8.2.0/../../../../riscv-none-embed/lib/rv32imacxw/ilp32\libg_nano.a(lib_a-printf.o)
                              ./User/PD_Process.o (printf)
c:/mounriver/mounriver_studio/toolchain/risc-v embedded gcc/bin/../lib/gcc/riscv-none-embed/8.2.0/../../../../riscv-none-embed/lib/rv32imacxw/ilp32\libg_nano.a(lib_a-puts.o)
                              ./User/PD_Process.o (puts)
c:/mounriver/mounriver_studio/toolchain/risc-v embedded gcc/bin/../lib/gcc/riscv-none-embed/8.2.0/../../../../riscv-none-embed/lib/rv32imacxw/ilp32\libg_nano.a(lib_a-wbuf.o)
                              c:/mounriver/mounriver_studio/toolchain/risc-v embedded gcc/bin/../lib/gcc/riscv-none-embed/8.2.0/../../../../riscv-none-embed/lib/rv32imacxw/ilp32\libg_nano.a(lib_a-puts.o) (__swbuf_r)
c:/mounriver/mounriver_studio/toolchain/risc-v embedded gcc/bin/../lib/gcc/riscv-none-embed/8.2.0/../../../../riscv-none-embed/lib/rv32imacxw/ilp32\libg_nano.a(lib_a-wsetup.o)
                              c:/mounriver/mounriver_studio/toolchain/risc-v embedded gcc/bin/../lib/gcc/riscv-none-embed/8.2.0/../../../../riscv-none-embed/lib/rv32imacxw/ilp32\libg_nano.a(lib_a-puts.o) (__swsetup_r)
c:/mounriver/mounriver_studio/toolchain/risc-v embedded gcc/bin/../lib/gcc/riscv-none-embed/8.2.0/../../../../riscv-none-embed/lib/rv32imacxw/ilp32\libg_nano.a(lib_a-fflush.o)
                              c:/mounriver/mounriver_studio/toolchain/risc-v embedded gcc/bin/../lib/gcc/riscv-none-embed/8.2.0/../../../../riscv-none-embed/lib/rv32imacxw/ilp32\libg_nano.a(lib_a-wbuf.o) (_fflush_r)
c:/mounriver/mounriver_studio/toolchain/risc-v embedded gcc/bin/../lib/gcc/riscv-none-embed/8.2.0/../../../../riscv-none-embed/lib/rv32imacxw/ilp32\libg_nano.a(lib_a-findfp.o)
                              c:/mounriver/mounriver_studio/toolchain/risc-v embedded gcc/bin/../lib/gcc/riscv-none-embed/8.2.0/../../../../riscv-none-embed/lib/rv32imacxw/ilp32\libg_nano.a(lib_a-printf.o) (__sinit)
c:/mounriver/mounriver_studio/toolchain/risc-v embedded gcc/bin/../lib/gcc/riscv-none-embed/8.2.0/../../../../riscv-none-embed/lib/rv32imacxw/ilp32\libg_nano.a(lib_a-fwalk.o)
                              c:/mounriver/mounriver_studio/toolchain/risc-v embedded gcc/bin/../lib/gcc/riscv-none-embed/8.2.0/../../../../riscv-none-embed/lib/rv32imacxw/ilp32\libg_nano.a(lib_a-findfp.o) (_fwalk)
c:/mounriver/mounriver_studio/toolchain/risc-v embedded gcc/bin/../lib/gcc/riscv-none-embed/8.2.0/../../../../riscv-none-embed/lib/rv32imacxw/ilp32\libg_nano.a(lib_a-impure.o)
                              c:/mounriver/mounriver_studio/toolchain/risc-v embedded gcc/bin/../lib/gcc/riscv-none-embed/8.2.0/../../../../riscv-none-embed/lib/rv32imacxw/ilp32\libg_nano.a(lib_a-fflush.o) (_global_impure_ptr)
c:/mounriver/mounriver_studio/toolchain/risc-v embedded gcc/bin/../lib/gcc/riscv-none-embed/8.2.0/../../../../riscv-none-embed/lib/rv32imacxw/ilp32\libg_nano.a(lib_a-makebuf.o)
                              c:/mounriver/mounriver_studio/toolchain/risc-v embedded gcc/bin/../lib/gcc/riscv-none-embed/8.2.0/../../../../riscv-none-embed/lib/rv32imacxw/ilp32\libg_nano.a(lib_a-wsetup.o) (__smakebuf_r)
c:/mounriver/mounriver_studio/toolchain/risc-v embedded gcc/bin/../lib/gcc/riscv-none-embed/8.2.0/../../../../riscv-none-embed/lib/rv32imacxw/ilp32\libg_nano.a(lib_a-nano-freer.o)
                              c:/mounriver/mounriver_studio/toolchain/risc-v embedded gcc/bin/../lib/gcc/riscv-none-embed/8.2.0/../../../../riscv-none-embed/lib/rv32imacxw/ilp32\libg_nano.a(lib_a-wsetup.o) (_free_r)
c:/mounriver/mounriver_studio/toolchain/risc-v embedded gcc/bin/../lib/gcc/riscv-none-embed/8.2.0/../../../../riscv-none-embed/lib/rv32imacxw/ilp32\libg_nano.a(lib_a-nano-mallocr.o)
                              c:/mounriver/mounriver_studio/toolchain/risc-v embedded gcc/bin/../lib/gcc/riscv-none-embed/8.2.0/../../../../riscv-none-embed/lib/rv32imacxw/ilp32\libg_nano.a(lib_a-findfp.o) (_malloc_r)
c:/mounriver/mounriver_studio/toolchain/risc-v embedded gcc/bin/../lib/gcc/riscv-none-embed/8.2.0/../../../../riscv-none-embed/lib/rv32imacxw/ilp32\libg_nano.a(lib_a-nano-vfprintf.o)
[...]
Memory Configuration

Name             Origin             Length             Attributes
FLASH            0x0000000000000000 0x000000000000f800 xr
RAM              0x0000000020000000 0x0000000000005000 xrw
*default*        0x0000000000000000 0xffffffffffffffff

Linker script and memory map

LOAD ./User/PD_Process.o
LOAD ./User/ch32x035_it.o
LOAD ./User/main.o
LOAD ./User/system_ch32x035.o
LOAD ./Startup/startup_ch32x035.o
LOAD ./Peripheral/src/ch32x035_adc.o
LOAD ./Peripheral/src/ch32x035_awu.o
LOAD ./Peripheral/src/ch32x035_dbgmcu.o
LOAD ./Peripheral/src/ch32x035_dma.o
LOAD ./Peripheral/src/ch32x035_exti.o
LOAD ./Peripheral/src/ch32x035_flash.o
LOAD ./Peripheral/src/ch32x035_gpio.o
LOAD ./Peripheral/src/ch32x035_i2c.o
LOAD ./Peripheral/src/ch32x035_iwdg.o
LOAD ./Peripheral/src/ch32x035_misc.o
LOAD ./Peripheral/src/ch32x035_opa.o
LOAD ./Peripheral/src/ch32x035_pwr.o
LOAD ./Peripheral/src/ch32x035_rcc.o
LOAD ./Peripheral/src/ch32x035_spi.o
LOAD ./Peripheral/src/ch32x035_tim.o
LOAD ./Peripheral/src/ch32x035_usart.o
LOAD ./Peripheral/src/ch32x035_wwdg.o
LOAD ./Debug/debug.o
LOAD ./Core/core_riscv.o
LOAD c:/mounriver/mounriver_studio/toolchain/risc-v embedded gcc/bin/../lib/gcc/riscv-none-embed/8.2.0/rv32imacxw/ilp32\libgcc.a
LOAD c:/mounriver/mounriver_studio/toolchain/risc-v embedded gcc/bin/../lib/gcc/riscv-none-embed/8.2.0/../../../../riscv-none-embed/lib/rv32imacxw/ilp32\libg_nano.a
LOAD c:/mounriver/mounriver_studio/toolchain/risc-v embedded gcc/bin/../lib/gcc/riscv-none-embed/8.2.0/../../../../riscv-none-embed/lib/rv32imacxw/ilp32\libc_nano.a
LOAD c:/mounriver/mounriver_studio/toolchain/risc-v embedded gcc/bin/../lib/gcc/riscv-none-embed/8.2.0/rv32imacxw/ilp32\libgcc.a
START GROUP
LOAD c:/mounriver/mounriver_studio/toolchain/risc-v embedded gcc/bin/../lib/gcc/riscv-none-embed/8.2.0/rv32imacxw/ilp32\libgcc.a
LOAD c:/mounriver/mounriver_studio/toolchain/risc-v embedded gcc/bin/../lib/gcc/riscv-none-embed/8.2.0/../../../../riscv-none-embed/lib/rv32imacxw/ilp32\libc_nano.a
LOAD c:/mounriver/mounriver_studio/toolchain/risc-v embedded gcc/bin/../lib/gcc/riscv-none-embed/8.2.0/../../../../riscv-none-embed/lib/rv32imacxw/ilp32\libnosys.a
END GROUP
START GROUP
LOAD c:/mounriver/mounriver_studio/toolchain/risc-v embedded gcc/bin/../lib/gcc/riscv-none-embed/8.2.0/rv32imacxw/ilp32\libgcc.a
LOAD c:/mounriver/mounriver_studio/toolchain/risc-v embedded gcc/bin/../lib/gcc/riscv-none-embed/8.2.0/../../../../riscv-none-embed/lib/rv32imacxw/ilp32\libc_nano.a
LOAD c:/mounriver/mounriver_studio/toolchain/risc-v embedded gcc/bin/../lib/gcc/riscv-none-embed/8.2.0/../../../../riscv-none-embed/lib/rv32imacxw/ilp32\libnosys.a
END GROUP
                0x0000000000000800                __stack_size = 0x800
                [!provide]                        PROVIDE (_stack_size = __stack_size)

.init           0x0000000000000000        0x4
                0x0000000000000000                _sinit = .
                0x0000000000000000                . = ALIGN (0x4)
 *(SORT_NONE(.init))
 .init          0x0000000000000000        0x4 ./Startup/startup_ch32x035.o
                0x0000000000000000                _start
                0x0000000000000004                . = ALIGN (0x4)
                0x0000000000000004                _einit = .

.vector         0x0000000000000004       0xfc
 *(.vector)
 .vector        0x0000000000000004       0xdc ./Startup/startup_ch32x035.o
                0x0000000000000100                . = ALIGN (0x40)
 *fill*         0x00000000000000e0       0x20 

.text           0x0000000000000100     0x260c
                0x0000000000000100                . = ALIGN (0x4)
 *(.text)
 .text          0x0000000000000100       0x60 c:/mounriver/mounriver_studio/toolchain/risc-v embedded gcc/bin/../lib/gcc/riscv-none-embed/8.2.0/rv32imacxw/ilp32\libgcc.a(save-restore.o)
                0x0000000000000100                __riscv_save_12
                0x0000000000000108                __riscv_save_9
                0x0000000000000108                __riscv_save_11
                0x0000000000000108                __riscv_save_10
                0x0000000000000108                __riscv_save_8
                0x0000000000000116                __riscv_save_4
                0x0000000000000116                __riscv_save_6
                0x0000000000000116                __riscv_save_5
                0x0000000000000116                __riscv_save_7
                0x0000000000000130                __riscv_save_3
                0x0000000000000130                __riscv_save_2
                0x0000000000000130                __riscv_save_1
                0x0000000000000130                __riscv_save_0
                0x000000000000013c                __riscv_restore_12
                0x0000000000000140                __riscv_restore_11
                0x0000000000000140                __riscv_restore_9
                0x0000000000000140                __riscv_restore_10
                0x0000000000000140                __riscv_restore_8
                0x000000000000014a                __riscv_restore_5
                0x000000000000014a                __riscv_restore_7
                0x000000000000014a                __riscv_restore_6
                0x000000000000014a                __riscv_restore_4
                0x0000000000000154                __riscv_restore_3
                0x0000000000000154                __riscv_restore_0
                0x0000000000000154                __riscv_restore_2
                0x0000000000000154                __riscv_restore_1
 .text          0x0000000000000160       0xa8 c:/mounriver/mounriver_studio/toolchain/risc-v embedded gcc/bin/../lib/gcc/riscv-none-embed/8.2.0/../../../../riscv-none-embed/lib/rv32imacxw/ilp32\libg_nano.a(lib_a-memset.o)
                0x0000000000000160                memset
 *(.text.*)
 .text.PD_Rx_Mode
                0x0000000000000208       0x52 ./User/PD_Process.o
                0x0000000000000208                PD_Rx_Mode
 .text.PD_SRC_Init
                0x000000000000025a       0x1e ./User/PD_Process.o
                0x000000000000025a                PD_SRC_Init
 .text.PD_SINK_Init
                0x0000000000000278       0x1a ./User/PD_Process.o
                0x0000000000000278                PD_SINK_Init
 .text.PD_PHY_Reset
                0x0000000000000292       0x38 ./User/PD_Process.o
                0x0000000000000292                PD_PHY_Reset
 .text.PD_Init  0x00000000000002ca       0x7c ./User/PD_Process.o
                0x00000000000002ca                PD_Init
 .text.PD_Detect
                0x0000000000000346      0x1ec ./User/PD_Process.o
                0x0000000000000346                PD_Detect
 .text.PD_Det_Proc
                0x0000000000000532       0xbe ./User/PD_Process.o
                0x0000000000000532                PD_Det_Proc
 .text.PD_Phy_SendPack
                0x00000000000005f0       0xbe ./User/PD_Process.o
                0x00000000000005f0                PD_Phy_SendPack
 .text.USBPD_IRQHandler
                0x00000000000006ae       0xea ./User/PD_Process.o
                0x00000000000006ae                USBPD_IRQHandler
 .text.PD_Send_Handle.part.2
                0x0000000000000798       0xac ./User/PD_Process.o
 .text.PD_Load_Header
                0x0000000000000844       0x4e ./User/PD_Process.o
                0x0000000000000844                PD_Load_Header
 .text.PD_Send_Handle
                0x0000000000000892       0x1e ./User/PD_Process.o
                0x0000000000000892                PD_Send_Handle
 .text.PD_Request_Analyse
                0x00000000000008b0       0x1e ./User/PD_Process.o
                0x00000000000008b0                PD_Request_Analyse
 .text.PD_Main_Proc
                0x00000000000008ce      0x258 ./User/PD_Process.o
                0x00000000000008ce                PD_Main_Proc
 .text.NMI_Handler
                0x0000000000000b26        0x2 ./User/ch32x035_it.o
                0x0000000000000b26                NMI_Handler
 .text.HardFault_Handler
                0x0000000000000b28        0x2 ./User/ch32x035_it.o
                0x0000000000000b28                HardFault_Handler
 .text.TIM1_Init
                0x0000000000000b2a       0x6e ./User/main.o
                0x0000000000000b2a                TIM1_Init
 .text.LED_Init
                0x0000000000000b98       0x26 ./User/main.o
                0x0000000000000b98                LED_Init
 .text.startup.main
                0x0000000000000bbe       0xf8 ./User/main.o
                0x0000000000000bbe                main
 .text.TIM1_UP_IRQHandler
                0x0000000000000cb6       0x2c ./User/main.o
                0x0000000000000cb6                TIM1_UP_IRQHandler
 .text.SystemInit
                0x0000000000000ce2       0x42 ./User/system_ch32x035.o
                0x0000000000000ce2                SystemInit
 .text.SystemCoreClockUpdate
                0x0000000000000d24       0x3a ./User/system_ch32x035.o
                0x0000000000000d24                SystemCoreClockUpdate
 .text.vector_handler
                0x0000000000000d5e        0x2 ./Startup/startup_ch32x035.o
                0x0000000000000d5e                TIM1_CC_IRQHandler
                0x0000000000000d5e                TIM2_UP_IRQHandler
                0x0000000000000d5e                SysTick_Handler
                0x0000000000000d5e                PVD_IRQHandler
                0x0000000000000d5e                EXTI25_16_IRQHandler
                0x0000000000000d5e                USBFS_IRQHandler
                0x0000000000000d5e                Break_Point_Handler
                0x0000000000000d5e                TIM2_TRG_COM_IRQHandler
                0x0000000000000d5e                TIM2_CC_IRQHandler
                0x0000000000000d5e                SPI1_IRQHandler
                0x0000000000000d5e                AWU_IRQHandler
                0x0000000000000d5e                EXTI7_0_IRQHandler
                0x0000000000000d5e                Ecall_M_Mode_Handler
                0x0000000000000d5e                DMA1_Channel4_IRQHandler
                0x0000000000000d5e                ADC1_IRQHandler
                0x0000000000000d5e                TIM2_BRK_IRQHandler
                0x0000000000000d5e                USART3_IRQHandler
                0x0000000000000d5e                DMA1_Channel7_IRQHandler
                0x0000000000000d5e                USBPDWakeUp_IRQHandler
                0x0000000000000d5e                EXTI15_8_IRQHandler
                0x0000000000000d5e                I2C1_EV_IRQHandler
                0x0000000000000d5e                USART4_IRQHandler
                0x0000000000000d5e                DMA1_Channel6_IRQHandler
                0x0000000000000d5e                TIM3_IRQHandler
                0x0000000000000d5e                TIM1_TRG_COM_IRQHandler
                0x0000000000000d5e                DMA1_Channel1_IRQHandler
                0x0000000000000d5e                DMA1_Channel8_IRQHandler
                0x0000000000000d5e                PIOC_IRQHandler
                0x0000000000000d5e                DMA1_Channel5_IRQHandler
                0x0000000000000d5e                DMA1_Channel3_IRQHandler
                0x0000000000000d5e                WWDG_IRQHandler
                0x0000000000000d5e                Ecall_U_Mode_Handler
                0x0000000000000d5e                SW_Handler
                0x0000000000000d5e                TIM1_BRK_IRQHandler
                0x0000000000000d5e                OPA_IRQHandler
                0x0000000000000d5e                USART2_IRQHandler
                0x0000000000000d5e                DMA1_Channel2_IRQHandler
                0x0000000000000d5e                FLASH_IRQHandler
                0x0000000000000d5e                USBFSWakeUp_IRQHandler
                0x0000000000000d5e                USART1_IRQHandler
                0x0000000000000d5e                I2C1_ER_IRQHandler
 .text.handle_reset
                0x0000000000000d60       0x86 ./Startup/startup_ch32x035.o
                0x0000000000000d60                handle_reset
 .text.DBGMCU_GetCHIPID
                0x0000000000000de6        0xa ./Peripheral/src/ch32x035_dbgmcu.o
                0x0000000000000de6                DBGMCU_GetCHIPID
 .text.GPIO_Init
                0x0000000000000df0      0x16e ./Peripheral/src/ch32x035_gpio.o
                0x0000000000000df0                GPIO_Init
 .text.GPIO_SetBits
                0x0000000000000f5e        0xe ./Peripheral/src/ch32x035_gpio.o
                0x0000000000000f5e                GPIO_SetBits
 .text.GPIO_ResetBits
                0x0000000000000f6c        0x4 ./Peripheral/src/ch32x035_gpio.o
                0x0000000000000f6c                GPIO_ResetBits
 .text.NVIC_PriorityGroupConfig
                0x0000000000000f70        0x6 ./Peripheral/src/ch32x035_misc.o
                0x0000000000000f70                NVIC_PriorityGroupConfig
 .text.NVIC_Init
                0x0000000000000f76       0x54 ./Peripheral/src/ch32x035_misc.o
                0x0000000000000f76                NVIC_Init
 .text.RCC_GetClocksFreq
                0x0000000000000fca       0x3e ./Peripheral/src/ch32x035_rcc.o
                0x0000000000000fca                RCC_GetClocksFreq
 .text.RCC_AHBPeriphClockCmd
                0x0000000000001008       0x1e ./Peripheral/src/ch32x035_rcc.o
                0x0000000000001008                RCC_AHBPeriphClockCmd
 .text.RCC_APB2PeriphClockCmd
                0x0000000000001026       0x1e ./Peripheral/src/ch32x035_rcc.o
                0x0000000000001026                RCC_APB2PeriphClockCmd
 .text.RCC_APB1PeriphClockCmd
                0x0000000000001044       0x1e ./Peripheral/src/ch32x035_rcc.o
                0x0000000000001044                RCC_APB1PeriphClockCmd
 .text.TIM_TimeBaseInit
                0x0000000000001062       0x56 ./Peripheral/src/ch32x035_tim.o
                0x0000000000001062                TIM_TimeBaseInit
 .text.TIM_Cmd  0x00000000000010b8       0x18 ./Peripheral/src/ch32x035_tim.o
                0x00000000000010b8                TIM_Cmd
 .text.TIM_ITConfig
                0x00000000000010d0       0x12 ./Peripheral/src/ch32x035_tim.o
                0x00000000000010d0                TIM_ITConfig
 .text.TIM_GetITStatus
                0x00000000000010e2       0x18 ./Peripheral/src/ch32x035_tim.o
                0x00000000000010e2                TIM_GetITStatus
 .text.TIM_ClearITPendingBit
                0x00000000000010fa        0xc ./Peripheral/src/ch32x035_tim.o
                0x00000000000010fa                TIM_ClearITPendingBit
 .text.USART_Init
                0x0000000000001106       0x8e ./Peripheral/src/ch32x035_usart.o
                0x0000000000001106                USART_Init
 .text.USART_Cmd
                0x0000000000001194       0x16 ./Peripheral/src/ch32x035_usart.o
                0x0000000000001194                USART_Cmd
 .text.USART_SendData
                0x00000000000011aa        0x8 ./Peripheral/src/ch32x035_usart.o
                0x00000000000011aa                USART_SendData
 .text.USART_GetFlagStatus
                0x00000000000011b2        0xa ./Peripheral/src/ch32x035_usart.o
                0x00000000000011b2                USART_GetFlagStatus
 .text.Delay_Init
                0x00000000000011bc       0x2a ./Debug/debug.o
                0x00000000000011bc                Delay_Init
 .text.Delay_Us
                0x00000000000011e6       0x36 ./Debug/debug.o
                0x00000000000011e6                Delay_Us
 .text.Delay_Ms
                0x000000000000121c       0x36 ./Debug/debug.o
                0x000000000000121c                Delay_Ms
 .text.USART_Printf_Init
                0x0000000000001252       0x56 ./Debug/debug.o
                0x0000000000001252                USART_Printf_Init
 .text._write   0x00000000000012a8       0x3a ./Debug/debug.o
                0x00000000000012a8                _write
 .text._sbrk    0x00000000000012e2       0x26 ./Debug/debug.o
                0x00000000000012e2                _sbrk
 .text.memcpy   0x0000000000001308       0xb2 c:/mounriver/mounriver_studio/toolchain/risc-v embedded gcc/bin/../lib/gcc/riscv-none-embed/8.2.0/../../../../riscv-none-embed/lib/rv32imacxw/ilp32\libg_nano.a(lib_a-memcpy.o)
                0x0000000000001308                memcpy
 .text.printf   0x00000000000013ba       0x40 c:/mounriver/mounriver_studio/toolchain/risc-v embedded gcc/bin/../lib/gcc/riscv-none-embed/8.2.0/../../../../riscv-none-embed/lib/rv32imacxw/ilp32\libg_nano.a(lib_a-printf.o)
                0x00000000000013ba                iprintf
                0x00000000000013ba                printf
 .text._puts_r  0x00000000000013fa       0xd4 c:/mounriver/mounriver_studio/toolchain/risc-v embedded gcc/bin/../lib/gcc/riscv-none-embed/8.2.0/../../../../riscv-none-embed/lib/rv32imacxw/ilp32\libg_nano.a(lib_a-puts.o)
                0x00000000000013fa                _puts_r
 .text.puts     0x00000000000014ce        0xa c:/mounriver/mounriver_studio/toolchain/risc-v embedded gcc/bin/../lib/gcc/riscv-none-embed/8.2.0/../../../../riscv-none-embed/lib/rv32imacxw/ilp32\libg_nano.a(lib_a-puts.o)
                0x00000000000014ce                puts
 .text.__swbuf_r
                0x00000000000014d8       0xbc c:/mounriver/mounriver_studio/toolchain/risc-v embedded gcc/bin/../lib/gcc/riscv-none-embed/8.2.0/../../../../riscv-none-embed/lib/rv32imacxw/ilp32\libg_nano.a(lib_a-wbuf.o)
                0x00000000000014d8                __swbuf_r
 .text.__swsetup_r
                0x0000000000001594       0xfc c:/mounriver/mounriver_studio/toolchain/risc-v embedded gcc/bin/../lib/gcc/riscv-none-embed/8.2.0/../../../../riscv-none-embed/lib/rv32imacxw/ilp32\libg_nano.a(lib_a-wsetup.o)
                0x0000000000001594                __swsetup_r
 .text.__sflush_r
                0x0000000000001690      0x130 c:/mounriver/mounriver_studio/toolchain/risc-v embedded gcc/bin/../lib/gcc/riscv-none-embed/8.2.0/../../../../riscv-none-embed/lib/rv32imacxw/ilp32\libg_nano.a(lib_a-fflush.o)
                0x0000000000001690                __sflush_r
 .text._fflush_r
                0x00000000000017c0       0x64 c:/mounriver/mounriver_studio/toolchain/risc-v embedded gcc/bin/../lib/gcc/riscv-none-embed/8.2.0/../../../../riscv-none-embed/lib/rv32imacxw/ilp32\libg_nano.a(lib_a-fflush.o)
                0x00000000000017c0                _fflush_r
 .text.std      0x0000000000001824       0x66 c:/mounriver/mounriver_studio/toolchain/risc-v embedded gcc/bin/../lib/gcc/riscv-none-embed/8.2.0/../../../../riscv-none-embed/lib/rv32imacxw/ilp32\libg_nano.a(lib_a-findfp.o)
 .text._cleanup_r
                0x000000000000188a        0xa c:/mounriver/mounriver_studio/toolchain/risc-v embedded gcc/bin/../lib/gcc/riscv-none-embed/8.2.0/../../../../riscv-none-embed/lib/rv32imacxw/ilp32\libg_nano.a(lib_a-findfp.o)
                0x000000000000188a                _cleanup_r
 .text.__sfmoreglue
                0x0000000000001894       0x46 c:/mounriver/mounriver_studio/toolchain/risc-v embedded gcc/bin/../lib/gcc/riscv-none-embed/8.2.0/../../../../riscv-none-embed/lib/rv32imacxw/ilp32\libg_nano.a(lib_a-findfp.o)
                0x0000000000001894                __sfmoreglue
 .text.__sinit  0x00000000000018da       0x66 c:/mounriver/mounriver_studio/toolchain/risc-v embedded gcc/bin/../lib/gcc/riscv-none-embed/8.2.0/../../../../riscv-none-embed/lib/rv32imacxw/ilp32\libg_nano.a(lib_a-findfp.o)
                0x00000000000018da                __sinit
 .text.__sfp    0x0000000000001940       0x9c c:/mounriver/mounriver_studio/toolchain/risc-v embedded gcc/bin/../lib/gcc/riscv-none-embed/8.2.0/../../../../riscv-none-embed/lib/rv32imacxw/ilp32\libg_nano.a(lib_a-findfp.o)
                0x0000000000001940                __sfp
 .text._fwalk_reent
                0x00000000000019dc       0x6a c:/mounriver/mounriver_studio/toolchain/risc-v embedded gcc/bin/../lib/gcc/riscv-none-embed/8.2.0/../../../../riscv-none-embed/lib/rv32imacxw/ilp32\libg_nano.a(lib_a-fwalk.o)
                0x00000000000019dc                _fwalk_reent
 .text.__swhatbuf_r
                0x0000000000001a46       0x58 c:/mounriver/mounriver_studio/toolchain/risc-v embedded gcc/bin/../lib/gcc/riscv-none-embed/8.2.0/../../../../riscv-none-embed/lib/rv32imacxw/ilp32\libg_nano.a(lib_a-makebuf.o)
                0x0000000000001a46                __swhatbuf_r
 .text.__smakebuf_r
                0x0000000000001a9e       0x90 c:/mounriver/mounriver_studio/toolchain/risc-v embedded gcc/bin/../lib/gcc/riscv-none-embed/8.2.0/../../../../riscv-none-embed/lib/rv32imacxw/ilp32\libg_nano.a(lib_a-makebuf.o)
                0x0000000000001a9e                __smakebuf_r
 .text._free_r  0x0000000000001b2e       0xa8 c:/mounriver/mounriver_studio/toolchain/risc-v embedded gcc/bin/../lib/gcc/riscv-none-embed/8.2.0/../../../../riscv-none-embed/lib/rv32imacxw/ilp32\libg_nano.a(lib_a-nano-freer.o)
                0x0000000000001b2e                _free_r
 .text._malloc_r
                0x0000000000001bd6       0xd4 c:/mounriver/mounriver_studio/toolchain/risc-v embedded gcc/bin/../lib/gcc/riscv-none-embed/8.2.0/../../../../riscv-none-embed/lib/rv32imacxw/ilp32\libg_nano.a(lib_a-nano-mallocr.o)
                0x0000000000001bd6                _malloc_r
 .text.__sfputc_r
                0x0000000000001caa       0x28 c:/mounriver/mounriver_studio/toolchain/risc-v embedded gcc/bin/../lib/gcc/riscv-none-embed/8.2.0/../../../../riscv-none-embed/lib/rv32imacxw/ilp32\libg_nano.a(lib_a-nano-vfprintf.o)
 .text.__sfputs_r
                0x0000000000001cd2       0x40 c:/mounriver/mounriver_studio/toolchain/risc-v embedded gcc/bin/../lib/gcc/riscv-none-embed/8.2.0/../../../../riscv-none-embed/lib/rv32imacxw/ilp32\libg_nano.a(lib_a-nano-vfprintf.o)
                0x0000000000001cd2                __sfputs_r
 .text._vfprintf_r
                0x0000000000001d12      0x286 c:/mounriver/mounriver_studio/toolchain/risc-v embedded gcc/bin/../lib/gcc/riscv-none-embed/8.2.0/../../../../riscv-none-embed/lib/rv32imacxw/ilp32\libg_nano.a(lib_a-nano-vfprintf.o)
                0x0000000000001d12                _vfprintf_r
                0x0000000000001d12                _vfiprintf_r
 .text._printf_common
                0x0000000000001f98      0x10c c:/mounriver/mounriver_studio/toolchain/risc-v embedded gcc/bin/../lib/gcc/riscv-none-embed/8.2.0/../../../../riscv-none-embed/lib/rv32imacxw/ilp32\libg_nano.a(lib_a-nano-vfprintf_i.o)
                0x0000000000001f98                _printf_common
 .text._printf_i
                0x00000000000020a4      0x2a0 c:/mounriver/mounriver_studio/toolchain/risc-v embedded gcc/bin/../lib/gcc/riscv-none-embed/8.2.0/../../../../riscv-none-embed/lib/rv32imacxw/ilp32\libg_nano.a(lib_a-nano-vfprintf_i.o)
                0x00000000000020a4                _printf_i
 .text._sbrk_r  0x0000000000002344       0x2a c:/mounriver/mounriver_studio/toolchain/risc-v embedded gcc/bin/../lib/gcc/riscv-none-embed/8.2.0/../../../../riscv-none-embed/lib/rv32imacxw/ilp32\libg_nano.a(lib_a-sbrkr.o)
                0x0000000000002344                _sbrk_r
 .text.__sread  0x000000000000236e       0x2c c:/mounriver/mounriver_studio/toolchain/risc-v embedded gcc/bin/../lib/gcc/riscv-none-embed/8.2.0/../../../../riscv-none-embed/lib/rv32imacxw/ilp32\libg_nano.a(lib_a-stdio.o)
                0x000000000000236e                __sread
 .text.__swrite
                0x000000000000239a       0x48 c:/mounriver/mounriver_studio/toolchain/risc-v embedded gcc/bin/../lib/gcc/riscv-none-embed/8.2.0/../../../../riscv-none-embed/lib/rv32imacxw/ilp32\libg_nano.a(lib_a-stdio.o)
                0x000000000000239a                __swrite
 .text.__sseek  0x00000000000023e2       0x30 c:/mounriver/mounriver_studio/toolchain/risc-v embedded gcc/bin/../lib/gcc/riscv-none-embed/8.2.0/../../../../riscv-none-embed/lib/rv32imacxw/ilp32\libg_nano.a(lib_a-stdio.o)
                0x00000000000023e2                __sseek
 .text.__sclose
                0x0000000000002412        0x6 c:/mounriver/mounriver_studio/toolchain/risc-v embedded gcc/bin/../lib/gcc/riscv-none-embed/8.2.0/../../../../riscv-none-embed/lib/rv32imacxw/ilp32\libg_nano.a(lib_a-stdio.o)
                0x0000000000002412                __sclose
 .text._write_r
                0x0000000000002418       0x2e c:/mounriver/mounriver_studio/toolchain/risc-v embedded gcc/bin/../lib/gcc/riscv-none-embed/8.2.0/../../../../riscv-none-embed/lib/rv32imacxw/ilp32\libg_nano.a(lib_a-writer.o)
                0x0000000000002418                _write_r
 .text._close_r
                0x0000000000002446       0x28 c:/mounriver/mounriver_studio/toolchain/risc-v embedded gcc/bin/../lib/gcc/riscv-none-embed/8.2.0/../../../../riscv-none-embed/lib/rv32imacxw/ilp32\libg_nano.a(lib_a-closer.o)
                0x0000000000002446                _close_r
 .text._fstat_r
                0x000000000000246e       0x2a c:/mounriver/mounriver_studio/toolchain/risc-v embedded gcc/bin/../lib/gcc/riscv-none-embed/8.2.0/../../../../riscv-none-embed/lib/rv32imacxw/ilp32\libg_nano.a(lib_a-fstatr.o)
                0x000000000000246e                _fstat_r
 .text._isatty_r
                0x0000000000002498       0x28 c:/mounriver/mounriver_studio/toolchain/risc-v embedded gcc/bin/../lib/gcc/riscv-none-embed/8.2.0/../../../../riscv-none-embed/lib/rv32imacxw/ilp32\libg_nano.a(lib_a-isattyr.o)
                0x0000000000002498                _isatty_r
 .text._lseek_r
                0x00000000000024c0       0x2c c:/mounriver/mounriver_studio/toolchain/risc-v embedded gcc/bin/../lib/gcc/riscv-none-embed/8.2.0/../../../../riscv-none-embed/lib/rv32imacxw/ilp32\libg_nano.a(lib_a-lseekr.o)
                0x00000000000024c0                _lseek_r
 .text.memchr   0x00000000000024ec       0x18 c:/mounriver/mounriver_studio/toolchain/risc-v embedded gcc/bin/../lib/gcc/riscv-none-embed/8.2.0/../../../../riscv-none-embed/lib/rv32imacxw/ilp32\libg_nano.a(lib_a-memchr.o)
                0x00000000000024ec                memchr
 .text.__malloc_lock
                0x0000000000002504        0x2 c:/mounriver/mounriver_studio/toolchain/risc-v embedded gcc/bin/../lib/gcc/riscv-none-embed/8.2.0/../../../../riscv-none-embed/lib/rv32imacxw/ilp32\libg_nano.a(lib_a-mlock.o)
                0x0000000000002504                __malloc_lock
 .text.__malloc_unlock
                0x0000000000002506        0x2 c:/mounriver/mounriver_studio/toolchain/risc-v embedded gcc/bin/../lib/gcc/riscv-none-embed/8.2.0/../../../../riscv-none-embed/lib/rv32imacxw/ilp32\libg_nano.a(lib_a-mlock.o)
                0x0000000000002506                __malloc_unlock
 .text._read_r  0x0000000000002508       0x2c c:/mounriver/mounriver_studio/toolchain/risc-v embedded gcc/bin/../lib/gcc/riscv-none-embed/8.2.0/../../../../riscv-none-embed/lib/rv32imacxw/ilp32\libg_nano.a(lib_a-readr.o)
                0x0000000000002508                _read_r
 .text._close   0x0000000000002534        0xc c:/mounriver/mounriver_studio/toolchain/risc-v embedded gcc/bin/../lib/gcc/riscv-none-embed/8.2.0/../../../../riscv-none-embed/lib/rv32imacxw/ilp32\libnosys.a(close.o)
                0x0000000000002534                _close
 .text._fstat   0x0000000000002540        0xc c:/mounriver/mounriver_studio/toolchain/risc-v embedded gcc/bin/../lib/gcc/riscv-none-embed/8.2.0/../../../../riscv-none-embed/lib/rv32imacxw/ilp32\libnosys.a(fstat.o)
                0x0000000000002540                _fstat
 .text._isatty  0x000000000000254c        0xc c:/mounriver/mounriver_studio/toolchain/risc-v embedded gcc/bin/../lib/gcc/riscv-none-embed/8.2.0/../../../../riscv-none-embed/lib/rv32imacxw/ilp32\libnosys.a(isatty.o)
                0x000000000000254c                _isatty
 .text._lseek   0x0000000000002558        0xc c:/mounriver/mounriver_studio/toolchain/risc-v embedded gcc/bin/../lib/gcc/riscv-none-embed/8.2.0/../../../../riscv-none-embed/lib/rv32imacxw/ilp32\libnosys.a(lseek.o)
                0x0000000000002558                _lseek
 .text._read    0x0000000000002564        0xc c:/mounriver/mounriver_studio/toolchain/risc-v embedded gcc/bin/../lib/gcc/riscv-none-embed/8.2.0/../../../../riscv-none-embed/lib/rv32imacxw/ilp32\libnosys.a(read.o)
                0x0000000000002564                _read
 *(.rodata)
 *(.rodata*)
 *fill*         0x0000000000002570        0x0 
 .rodata.PD_Det_Proc.str1.4
                0x0000000000002570       0x28 ./User/PD_Process.o
 .rodata.PD_Main_Proc.str1.4
                0x0000000000002598       0x95 ./User/PD_Process.o
 *fill*         0x000000000000262d        0x3 
 .rodata.USBPD_IRQHandler.str1.4
                0x0000000000002630        0xd ./User/PD_Process.o
 *fill*         0x000000000000263d        0x3 
 .rodata.main.str1.4
                0x0000000000002640       0x2d ./User/main.o
 *fill*         0x000000000000266d        0x3 
 .rodata.__sf_fake_stderr
                0x0000000000002670       0x20 c:/mounriver/mounriver_studio/toolchain/risc-v embedded gcc/bin/../lib/gcc/riscv-none-embed/8.2.0/../../../../riscv-none-embed/lib/rv32imacxw/ilp32\libg_nano.a(lib_a-findfp.o)
                0x0000000000002670                __sf_fake_stderr
 .rodata.__sf_fake_stdin
                0x0000000000002690       0x20 c:/mounriver/mounriver_studio/toolchain/risc-v embedded gcc/bin/../lib/gcc/riscv-none-embed/8.2.0/../../../../riscv-none-embed/lib/rv32imacxw/ilp32\libg_nano.a(lib_a-findfp.o)
                0x0000000000002690                __sf_fake_stdin
 .rodata.__sf_fake_stdout
                0x00000000000026b0       0x20 c:/mounriver/mounriver_studio/toolchain/risc-v embedded gcc/bin/../lib/gcc/riscv-none-embed/8.2.0/../../../../riscv-none-embed/lib/rv32imacxw/ilp32\libg_nano.a(lib_a-findfp.o)
                0x00000000000026b0                __sf_fake_stdout
 .rodata._vfprintf_r.str1.4
                0x00000000000026d0       0x13 c:/mounriver/mounriver_studio/toolchain/risc-v embedded gcc/bin/../lib/gcc/riscv-none-embed/8.2.0/../../../../riscv-none-embed/lib/rv32imacxw/ilp32\libg_nano.a(lib_a-nano-vfprintf.o)
 *fill*         0x00000000000026e3        0x1 
 .rodata._printf_i.str1.4
                0x00000000000026e4       0x28 c:/mounriver/mounriver_studio/toolchain/risc-v embedded gcc/bin/../lib/gcc/riscv-none-embed/8.2.0/../../../../riscv-none-embed/lib/rv32imacxw/ilp32\libg_nano.a(lib_a-nano-vfprintf_i.o)
                                         0x25 (size before relaxing)
 *(.gnu.linkonce.t.*)
                0x000000000000270c                . = ALIGN (0x4)

.rela.dyn       0x000000000000270c        0x0
 .rela.init     0x000000000000270c        0x0 ./User/PD_Process.o
 .rela.vector   0x000000000000270c        0x0 ./User/PD_Process.o
 .rela.text.handle_reset
                0x000000000000270c        0x0 ./User/PD_Process.o
 .rela.text._sbrk
                0x000000000000270c        0x0 ./User/PD_Process.o
 .rela.sdata.curbrk.4445
                0x000000000000270c        0x0 ./User/PD_Process.o
 .rela.text._vfprintf_r
                0x000000000000270c        0x0 ./User/PD_Process.o
 .rela.text._sbrk_r
                0x000000000000270c        0x0 ./User/PD_Process.o
 .rela.text._write_r
                0x000000000000270c        0x0 ./User/PD_Process.o
 .rela.text._close_r
                0x000000000000270c        0x0 ./User/PD_Process.o
 .rela.text._fstat_r
                0x000000000000270c        0x0 ./User/PD_Process.o
 .rela.text._isatty_r
                0x000000000000270c        0x0 ./User/PD_Process.o
 .rela.text._lseek_r
                0x000000000000270c        0x0 ./User/PD_Process.o
 .rela.text._read_r
                0x000000000000270c        0x0 ./User/PD_Process.o
 .rela.text._close
                0x000000000000270c        0x0 ./User/PD_Process.o
 .rela.text._fstat
                0x000000000000270c        0x0 ./User/PD_Process.o
 .rela.text._isatty
                0x000000000000270c        0x0 ./User/PD_Process.o
 .rela.text._lseek
                0x000000000000270c        0x0 ./User/PD_Process.o
 .rela.text._read
                0x000000000000270c        0x0 ./User/PD_Process.o

.fini           0x000000000000270c        0x0
 *(SORT_NONE(.fini))
                0x000000000000270c                . = ALIGN (0x4)
                [!provide]                        PROVIDE (_etext = .)
                [!provide]                        PROVIDE (_eitcm = .)

.preinit_array  0x000000000000270c        0x0
                [!provide]                        PROVIDE (__preinit_array_start = .)
 *(.preinit_array)
                [!provide]                        PROVIDE (__preinit_array_end = .)

.init_array     0x000000000000270c        0x0
                [!provide]                        PROVIDE (__init_array_start = .)
 *(SORT_BY_INIT_PRIORITY(.init_array.*) SORT_BY_INIT_PRIORITY(.ctors.*))
 *(.init_array EXCLUDE_FILE(*crtend?.o *crtend.o *crtbegin?.o *crtbegin.o) .ctors)
                [!provide]                        PROVIDE (__init_array_end = .)

.fini_array     0x000000000000270c        0x0
                [!provide]                        PROVIDE (__fini_array_start = .)
 *(SORT_BY_INIT_PRIORITY(.fini_array.*) SORT_BY_INIT_PRIORITY(.dtors.*))
 *(.fini_array EXCLUDE_FILE(*crtend?.o *crtend.o *crtbegin?.o *crtbegin.o) .dtors)
                [!provide]                        PROVIDE (__fini_array_end = .)

.ctors
 *crtbegin.o(.ctors)
 *crtbegin?.o(.ctors)
 *(EXCLUDE_FILE(*crtend?.o *crtend.o) .ctors)
 *(SORT_BY_NAME(.ctors.*))
 *(.ctors)

.dtors
 *crtbegin.o(.dtors)
 *crtbegin?.o(.dtors)
 *(EXCLUDE_FILE(*crtend?.o *crtend.o) .dtors)
 *(SORT_BY_NAME(.dtors.*))
 *(.dtors)

.dalign         0x0000000020000000        0x0 load address 0x000000000000270c
                0x0000000020000000                . = ALIGN (0x4)
                0x0000000020000000                PROVIDE (_data_vma = .)

.dlalign        0x000000000000270c        0x0
                0x000000000000270c                . = ALIGN (0x4)
                0x000000000000270c                PROVIDE (_data_lma = .)

.data           0x0000000020000000       0xb0 load address 0x000000000000270c
 *(.gnu.linkonce.r.*)
 *(.data .data.*)
 .data.SrcCap_9V3A_Tab
                0x0000000020000000        0xc ./User/PD_Process.o
                0x0000000020000000                SrcCap_9V3A_Tab
 .data.AHBPrescTable
                0x000000002000000c       0x10 ./User/system_ch32x035.o
                0x000000002000000c                AHBPrescTable
 .data.APBAHBPrescTable
                0x000000002000001c       0x10 ./Peripheral/src/ch32x035_rcc.o
 .data.impure_data
                0x000000002000002c       0x60 c:/mounriver/mounriver_studio/toolchain/risc-v embedded gcc/bin/../lib/gcc/riscv-none-embed/8.2.0/../../../../riscv-none-embed/lib/rv32imacxw/ilp32\libg_nano.a(lib_a-impure.o)
 *(.gnu.linkonce.d.*)
                0x0000000020000090                . = ALIGN (0x8)
 *fill*         0x000000002000008c        0x4 
                0x0000000020000890                PROVIDE (__global_pointer$ = (. + 0x800))
 *(.sdata .sdata.*)
 .sdata.SrcCap_5V3A_Tab
                0x0000000020000090        0x4 ./User/PD_Process.o
                0x0000000020000090                SrcCap_5V3A_Tab
 .sdata.SystemCoreClock
                0x0000000020000094        0x4 ./User/system_ch32x035.o
                0x0000000020000094                SystemCoreClock
 .sdata.CFGHR_tmpA
                0x0000000020000098        0x4 ./Peripheral/src/ch32x035_gpio.o
                0x0000000020000098                CFGHR_tmpA
 .sdata.CFGHR_tmpB
                0x000000002000009c        0x4 ./Peripheral/src/ch32x035_gpio.o
                0x000000002000009c                CFGHR_tmpB
 .sdata.CFGHR_tmpC
                0x00000000200000a0        0x4 ./Peripheral/src/ch32x035_gpio.o
                0x00000000200000a0                CFGHR_tmpC
 .sdata.curbrk.4445
                0x00000000200000a4        0x4 ./Debug/debug.o
 .sdata._impure_ptr
                0x00000000200000a8        0x4 c:/mounriver/mounriver_studio/toolchain/risc-v embedded gcc/bin/../lib/gcc/riscv-none-embed/8.2.0/../../../../riscv-none-embed/lib/rv32imacxw/ilp32\libg_nano.a(lib_a-impure.o)
                0x00000000200000a8                _impure_ptr
 *(.sdata2.*)
 .sdata2._global_impure_ptr
                0x00000000200000ac        0x4 c:/mounriver/mounriver_studio/toolchain/risc-v embedded gcc/bin/../lib/gcc/riscv-none-embed/8.2.0/../../../../riscv-none-embed/lib/rv32imacxw/ilp32\libg_nano.a(lib_a-impure.o)
                0x00000000200000ac                _global_impure_ptr
 *(.gnu.linkonce.s.*)
                0x00000000200000b0                . = ALIGN (0x8)
 *(.srodata.cst16)
 *(.srodata.cst8)
 *(.srodata.cst4)
 *(.srodata.cst2)
 *(.srodata .srodata.*)
                0x00000000200000b0                . = ALIGN (0x4)
                0x00000000200000b0                PROVIDE (_edata = .)

.bss            0x00000000200000b0       0xa0 load address 0x00000000000027bc
                0x00000000200000b0                . = ALIGN (0x4)
                0x00000000200000b0                PROVIDE (_sbss = .)
 *(.sbss*)
 .sbss.PD_Ack_Buf
                0x00000000200000b0        0x2 ./User/PD_Process.o
                0x00000000200000b0                PD_Ack_Buf
 .sbss.Tmr_Ms_Cnt_Last
                0x00000000200000b2        0x1 ./User/PD_Process.o
                0x00000000200000b2                Tmr_Ms_Cnt_Last
 .sbss.Tmr_Ms_Dlt
                0x00000000200000b3        0x1 ./User/PD_Process.o
                0x00000000200000b3                Tmr_Ms_Dlt
 .sbss.Tim_Ms_Cnt
                0x00000000200000b4        0x1 ./User/main.o
                0x00000000200000b4                Tim_Ms_Cnt
 *fill*         0x00000000200000b5        0x3 
 .sbss.NVIC_Priority_Group
                0x00000000200000b8        0x4 ./Peripheral/src/ch32x035_misc.o
                0x00000000200000b8                NVIC_Priority_Group
 .sbss.p_ms     0x00000000200000bc        0x2 ./Debug/debug.o
 .sbss.p_us     0x00000000200000be        0x1 ./Debug/debug.o
 *fill*         0x00000000200000bf        0x1 
 .sbss.__malloc_free_list
                0x00000000200000c0        0x4 c:/mounriver/mounriver_studio/toolchain/risc-v embedded gcc/bin/../lib/gcc/riscv-none-embed/8.2.0/../../../../riscv-none-embed/lib/rv32imacxw/ilp32\libg_nano.a(lib_a-nano-mallocr.o)
                0x00000000200000c0                __malloc_free_list
 .sbss.__malloc_sbrk_start
                0x00000000200000c4        0x4 c:/mounriver/mounriver_studio/toolchain/risc-v embedded gcc/bin/../lib/gcc/riscv-none-embed/8.2.0/../../../../riscv-none-embed/lib/rv32imacxw/ilp32\libg_nano.a(lib_a-nano-mallocr.o)
                0x00000000200000c4                __malloc_sbrk_start
 *(.gnu.linkonce.sb.*)
 *(.bss*)
 .bss.Adapter_SrcCap
                0x00000000200000c8       0x1e ./User/PD_Process.o
                0x00000000200000c8                Adapter_SrcCap
 *fill*         0x00000000200000e6        0x2 
 .bss.PD_Ctl    0x00000000200000e8       0x1c ./User/PD_Process.o
                0x00000000200000e8                PD_Ctl
 .bss.PD_Rx_Buf
                0x0000000020000104       0x22 ./User/PD_Process.o
                0x0000000020000104                PD_Rx_Buf
 *fill*         0x0000000020000126        0x2 
 .bss.PD_Tx_Buf
                0x0000000020000128       0x22 ./User/PD_Process.o
                0x0000000020000128                PD_Tx_Buf
 *(.gnu.linkonce.b.*)
 *(COMMON*)
 *fill*         0x000000002000014a        0x2 
 COMMON         0x000000002000014c        0x4 c:/mounriver/mounriver_studio/toolchain/risc-v embedded gcc/bin/../lib/gcc/riscv-none-embed/8.2.0/../../../../riscv-none-embed/lib/rv32imacxw/ilp32\libg_nano.a(lib_a-reent.o)
                0x000000002000014c                errno
                0x0000000020000150                . = ALIGN (0x4)
                0x0000000020000150                PROVIDE (_ebss = .)
                0x0000000020000150                PROVIDE (_end = _ebss)
                [!provide]                        PROVIDE (end = .)

.stack          0x0000000020004800      0x800
                0x0000000020004800                PROVIDE (_heap_end = .)
                0x0000000020004800                . = ALIGN (0x4)
                [!provide]                        PROVIDE (_susrstack = .)
                0x0000000020005000                . = (. + __stack_size)
 *fill*         0x0000000020004800      0x800 
                0x0000000020005000                PROVIDE (_eusrstack = .)
OUTPUT(USBPD_SRC.elf elf32-littleriscv)

.debug_info     0x0000000000000000     0xd190
 .debug_info    0x0000000000000000     0x1ef6 ./User/PD_Process.o
 .debug_info    0x0000000000001ef6      0x962 ./User/ch32x035_it.o
 .debug_info    0x0000000000002858     0x179a ./User/main.o
 .debug_info    0x0000000000003ff2      0xb56 ./User/system_ch32x035.o
 .debug_info    0x0000000000004b48       0x22 ./Startup/startup_ch32x035.o
 .debug_info    0x0000000000004b6a      0xa94 ./Peripheral/src/ch32x035_dbgmcu.o
 .debug_info    0x00000000000055fe     0x11c9 ./Peripheral/src/ch32x035_gpio.o
 .debug_info    0x00000000000067c7      0xe36 ./Peripheral/src/ch32x035_misc.o
 .debug_info    0x00000000000075fd      0xd8f ./Peripheral/src/ch32x035_rcc.o
 .debug_info    0x000000000000838c     0x2b87 ./Peripheral/src/ch32x035_tim.o
 .debug_info    0x000000000000af13     0x1333 ./Peripheral/src/ch32x035_usart.o
 .debug_info    0x000000000000c246      0xf4a ./Debug/debug.o

.debug_abbrev   0x0000000000000000     0x22eb
 .debug_abbrev  0x0000000000000000      0x4ef ./User/PD_Process.o
 .debug_abbrev  0x00000000000004ef      0x1cf ./User/ch32x035_it.o
 .debug_abbrev  0x00000000000006be      0x365 ./User/main.o
 .debug_abbrev  0x0000000000000a23      0x258 ./User/system_ch32x035.o
 .debug_abbrev  0x0000000000000c7b       0x12 ./Startup/startup_ch32x035.o
 .debug_abbrev  0x0000000000000c8d      0x2f7 ./Peripheral/src/ch32x035_dbgmcu.o
 .debug_abbrev  0x0000000000000f84      0x34b ./Peripheral/src/ch32x035_gpio.o
 .debug_abbrev  0x00000000000012cf      0x2ea ./Peripheral/src/ch32x035_misc.o
 .debug_abbrev  0x00000000000015b9      0x326 ./Peripheral/src/ch32x035_rcc.o
 .debug_abbrev  0x00000000000018df      0x418 ./Peripheral/src/ch32x035_tim.o
 .debug_abbrev  0x0000000000001cf7      0x312 ./Peripheral/src/ch32x035_usart.o
 .debug_abbrev  0x0000000000002009      0x2e2 ./Debug/debug.o

.debug_loc      0x0000000000000000     0x349a
 .debug_loc     0x0000000000000000      0x567 ./User/PD_Process.o
 .debug_loc     0x0000000000000567       0x42 ./User/main.o
 .debug_loc     0x00000000000005a9       0x1f ./User/system_ch32x035.o
 .debug_loc     0x00000000000005c8       0x7c ./Peripheral/src/ch32x035_dbgmcu.o
 .debug_loc     0x0000000000000644      0x863 ./Peripheral/src/ch32x035_gpio.o
 .debug_loc     0x0000000000000ea7       0x2d ./Peripheral/src/ch32x035_misc.o
 .debug_loc     0x0000000000000ed4      0x34e ./Peripheral/src/ch32x035_rcc.o
 .debug_loc     0x0000000000001222     0x19ec ./Peripheral/src/ch32x035_tim.o
 .debug_loc     0x0000000000002c0e      0x715 ./Peripheral/src/ch32x035_usart.o
 .debug_loc     0x0000000000003323      0x177 ./Debug/debug.o

.debug_aranges  0x0000000000000000      0x6f8
 .debug_aranges
                0x0000000000000000       0x88 ./User/PD_Process.o
 .debug_aranges
                0x0000000000000088       0x28 ./User/ch32x035_it.o
 .debug_aranges
                0x00000000000000b0       0x38 ./User/main.o
 .debug_aranges
                0x00000000000000e8       0x28 ./User/system_ch32x035.o
 .debug_aranges
                0x0000000000000110       0x30 ./Startup/startup_ch32x035.o
 .debug_aranges
                0x0000000000000140       0x48 ./Peripheral/src/ch32x035_dbgmcu.o
 .debug_aranges
                0x0000000000000188       0x98 ./Peripheral/src/ch32x035_gpio.o
 .debug_aranges
                0x0000000000000220       0x28 ./Peripheral/src/ch32x035_misc.o
 .debug_aranges
                0x0000000000000248       0x80 ./Peripheral/src/ch32x035_rcc.o
 .debug_aranges
                0x00000000000002c8      0x2f0 ./Peripheral/src/ch32x035_tim.o
 .debug_aranges
                0x00000000000005b8       0xf0 ./Peripheral/src/ch32x035_usart.o
 .debug_aranges
                0x00000000000006a8       0x50 ./Debug/debug.o

.debug_ranges   0x0000000000000000      0x6e8
 .debug_ranges  0x0000000000000000       0xa8 ./User/PD_Process.o
 .debug_ranges  0x00000000000000a8       0x18 ./User/ch32x035_it.o
 .debug_ranges  0x00000000000000c0       0x28 ./User/main.o
 .debug_ranges  0x00000000000000e8       0x18 ./User/system_ch32x035.o
 .debug_ranges  0x0000000000000100       0x28 ./Startup/startup_ch32x035.o
 .debug_ranges  0x0000000000000128       0x50 ./Peripheral/src/ch32x035_dbgmcu.o
 .debug_ranges  0x0000000000000178       0x88 ./Peripheral/src/ch32x035_gpio.o
 .debug_ranges  0x0000000000000200       0x48 ./Peripheral/src/ch32x035_misc.o
 .debug_ranges  0x0000000000000248       0x70 ./Peripheral/src/ch32x035_rcc.o
 .debug_ranges  0x00000000000002b8      0x310 ./Peripheral/src/ch32x035_tim.o
 .debug_ranges  0x00000000000005c8       0xe0 ./Peripheral/src/ch32x035_usart.o
 .debug_ranges  0x00000000000006a8       0x40 ./Debug/debug.o

.debug_line     0x0000000000000000     0x93e1
 .debug_line    0x0000000000000000     0x1a95 ./User/PD_Process.o
 .debug_line    0x0000000000001a95      0x24a ./User/ch32x035_it.o
 .debug_line    0x0000000000001cdf      0x777 ./User/main.o
 .debug_line    0x0000000000002456      0x392 ./User/system_ch32x035.o
 .debug_line    0x00000000000027e8      0x150 ./Startup/startup_ch32x035.o
 .debug_line    0x0000000000002938      0x3bd ./Peripheral/src/ch32x035_dbgmcu.o
 .debug_line    0x0000000000002cf5     0x1273 ./Peripheral/src/ch32x035_gpio.o
 .debug_line    0x0000000000003f68      0x41c ./Peripheral/src/ch32x035_misc.o
 .debug_line    0x0000000000004384      0x805 ./Peripheral/src/ch32x035_rcc.o
 .debug_line    0x0000000000004b89     0x3229 ./Peripheral/src/ch32x035_tim.o
 .debug_line    0x0000000000007db2      0xeb5 ./Peripheral/src/ch32x035_usart.o
 .debug_line    0x0000000000008c67      0x77a ./Debug/debug.o

.debug_str      0x0000000000000000     0x2a61
 .debug_str     0x0000000000000000     0x10a5 ./User/PD_Process.o
                                       0x118d (size before relaxing)
 .debug_str     0x00000000000010a5       0x34 ./User/ch32x035_it.o
                                        0x5bf (size before relaxing)
 .debug_str     0x00000000000010d9      0x35c ./User/main.o
                                       0x1199 (size before relaxing)
 .debug_str     0x0000000000001435       0xc7 ./User/system_ch32x035.o
                                        0x6bd (size before relaxing)
 .debug_str     0x00000000000014fc       0x5c ./Startup/startup_ch32x035.o
                                         0xa1 (size before relaxing)
 .debug_str     0x0000000000001558       0xb9 ./Peripheral/src/ch32x035_dbgmcu.o
                                        0x681 (size before relaxing)
 .debug_str     0x0000000000001611      0x212 ./Peripheral/src/ch32x035_gpio.o
                                        0x987 (size before relaxing)
 .debug_str     0x0000000000001823       0xa5 ./Peripheral/src/ch32x035_misc.o
                                        0xa4c (size before relaxing)
 .debug_str     0x00000000000018c8      0x1e0 ./Peripheral/src/ch32x035_rcc.o
                                        0x88b (size before relaxing)
 .debug_str     0x0000000000001aa8      0xae4 ./Peripheral/src/ch32x035_tim.o
                                       0x13bb (size before relaxing)
 .debug_str     0x000000000000258c      0x41b ./Peripheral/src/ch32x035_usart.o
                                        0xb14 (size before relaxing)
 .debug_str     0x00000000000029a7       0xba ./Debug/debug.o
                                        0x92c (size before relaxing)

.comment        0x0000000000000000       0x33
 .comment       0x0000000000000000       0x33 ./User/PD_Process.o
                                         0x34 (size before relaxing)
 .comment       0x0000000000000033       0x34 ./User/ch32x035_it.o
 .comment       0x0000000000000033       0x34 ./User/main.o
 .comment       0x0000000000000033       0x34 ./User/system_ch32x035.o
 .comment       0x0000000000000033       0x34 ./Peripheral/src/ch32x035_dbgmcu.o
 .comment       0x0000000000000033       0x34 ./Peripheral/src/ch32x035_gpio.o
 .comment       0x0000000000000033       0x34 ./Peripheral/src/ch32x035_misc.o
 .comment       0x0000000000000033       0x34 ./Peripheral/src/ch32x035_rcc.o
 .comment       0x0000000000000033       0x34 ./Peripheral/src/ch32x035_tim.o
 .comment       0x0000000000000033       0x34 ./Peripheral/src/ch32x035_usart.o
 .comment       0x0000000000000033       0x34 ./Debug/debug.o

.debug_frame    0x0000000000000000     0x1788
 .debug_frame   0x0000000000000000      0x190 ./User/PD_Process.o
 .debug_frame   0x0000000000000190       0x30 ./User/ch32x035_it.o
 .debug_frame   0x00000000000001c0       0x98 ./User/main.o
 .debug_frame   0x0000000000000258       0x30 ./User/system_ch32x035.o
 .debug_frame   0x0000000000000288       0x70 ./Peripheral/src/ch32x035_dbgmcu.o
 .debug_frame   0x00000000000002f8      0x140 ./Peripheral/src/ch32x035_gpio.o
 .debug_frame   0x0000000000000438       0x30 ./Peripheral/src/ch32x035_misc.o
 .debug_frame   0x0000000000000468       0xfc ./Peripheral/src/ch32x035_rcc.o
 .debug_frame   0x0000000000000564      0x654 ./Peripheral/src/ch32x035_tim.o
 .debug_frame   0x0000000000000bb8      0x1e4 ./Peripheral/src/ch32x035_usart.o
 .debug_frame   0x0000000000000d9c       0xb8 ./Debug/debug.o
 .debug_frame   0x0000000000000e54       0x20 c:/mounriver/mounriver_studio/toolchain/risc-v embedded gcc/bin/../lib/gcc/riscv-none-embed/8.2.0/../../../../riscv-none-embed/lib/rv32imacxw/ilp32\libg_nano.a(lib_a-memcpy.o)
 .debug_frame   0x0000000000000e74       0x54 c:/mounriver/mounriver_studio/toolchain/risc-v embedded gcc/bin/../lib/gcc/riscv-none-embed/8.2.0/../../../../riscv-none-embed/lib/rv32imacxw/ilp32\libg_nano.a(lib_a-printf.o)
 .debug_frame   0x0000000000000ec8       0x54 c:/mounriver/mounriver_studio/toolchain/risc-v embedded gcc/bin/../lib/gcc/riscv-none-embed/8.2.0/../../../../riscv-none-embed/lib/rv32imacxw/ilp32\libg_nano.a(lib_a-puts.o)
 .debug_frame   0x0000000000000f1c       0x50 c:/mounriver/mounriver_studio/toolchain/risc-v embedded gcc/bin/../lib/gcc/riscv-none-embed/8.2.0/../../../../riscv-none-embed/lib/rv32imacxw/ilp32\libg_nano.a(lib_a-wbuf.o)
 .debug_frame   0x0000000000000f6c       0x3c c:/mounriver/mounriver_studio/toolchain/risc-v embedded gcc/bin/../lib/gcc/riscv-none-embed/8.2.0/../../../../riscv-none-embed/lib/rv32imacxw/ilp32\libg_nano.a(lib_a-wsetup.o)
 .debug_frame   0x0000000000000fa8       0x7c c:/mounriver/mounriver_studio/toolchain/risc-v embedded gcc/bin/../lib/gcc/riscv-none-embed/8.2.0/../../../../riscv-none-embed/lib/rv32imacxw/ilp32\libg_nano.a(lib_a-fflush.o)
 .debug_frame   0x0000000000001024      0x148 c:/mounriver/mounriver_studio/toolchain/risc-v embedded gcc/bin/../lib/gcc/riscv-none-embed/8.2.0/../../../../riscv-none-embed/lib/rv32imacxw/ilp32\libg_nano.a(lib_a-findfp.o)
 .debug_frame   0x000000000000116c       0x88 c:/mounriver/mounriver_studio/toolchain/risc-v embedded gcc/bin/../lib/gcc/riscv-none-embed/8.2.0/../../../../riscv-none-embed/lib/rv32imacxw/ilp32\libg_nano.a(lib_a-fwalk.o)
 .debug_frame   0x00000000000011f4       0x64 c:/mounriver/mounriver_studio/toolchain/risc-v embedded gcc/bin/../lib/gcc/riscv-none-embed/8.2.0/../../../../riscv-none-embed/lib/rv32imacxw/ilp32\libg_nano.a(lib_a-makebuf.o)
 .debug_frame   0x0000000000001258       0x40 c:/mounriver/mounriver_studio/toolchain/risc-v embedded gcc/bin/../lib/gcc/riscv-none-embed/8.2.0/../../../../riscv-none-embed/lib/rv32imacxw/ilp32\libg_nano.a(lib_a-nano-freer.o)
 .debug_frame   0x0000000000001298       0x40 c:/mounriver/mounriver_studio/toolchain/risc-v embedded gcc/bin/../lib/gcc/riscv-none-embed/8.2.0/../../../../riscv-none-embed/lib/rv32imacxw/ilp32\libg_nano.a(lib_a-nano-mallocr.o)
 .debug_frame   0x00000000000012d8       0xd0 c:/mounriver/mounriver_studio/toolchain/risc-v embedded gcc/bin/../lib/gcc/riscv-none-embed/8.2.0/../../../../riscv-none-embed/lib/rv32imacxw/ilp32\libg_nano.a(lib_a-nano-vfprintf.o)
 .debug_frame   0x00000000000013a8       0x8c c:/mounriver/mounriver_studio/toolchain/risc-v embedded gcc/bin/../lib/gcc/riscv-none-embed/8.2.0/../../../../riscv-none-embed/lib/rv32imacxw/ilp32\libg_nano.a(lib_a-nano-vfprintf_i.o)
 .debug_frame   0x0000000000001434       0x30 c:/mounriver/mounriver_studio/toolchain/risc-v embedded gcc/bin/../lib/gcc/riscv-none-embed/8.2.0/../../../../riscv-none-embed/lib/rv32imacxw/ilp32\libg_nano.a(lib_a-sbrkr.o)
 .debug_frame   0x0000000000001464       0xa4 c:/mounriver/mounriver_studio/toolchain/risc-v embedded gcc/bin/../lib/gcc/riscv-none-embed/8.2.0/../../../../riscv-none-embed/lib/rv32imacxw/ilp32\libg_nano.a(lib_a-stdio.o)
 .debug_frame   0x0000000000001508       0x30 c:/mounriver/mounriver_studio/toolchain/risc-v embedded gcc/bin/../lib/gcc/riscv-none-embed/8.2.0/../../../../riscv-none-embed/lib/rv32imacxw/ilp32\libg_nano.a(lib_a-writer.o)
 .debug_frame   0x0000000000001538       0x30 c:/mounriver/mounriver_studio/toolchain/risc-v embedded gcc/bin/../lib/gcc/riscv-none-embed/8.2.0/../../../../riscv-none-embed/lib/rv32imacxw/ilp32\libg_nano.a(lib_a-closer.o)
 .debug_frame   0x0000000000001568       0x30 c:/mounriver/mounriver_studio/toolchain/risc-v embedded gcc/bin/../lib/gcc/riscv-none-embed/8.2.0/../../../../riscv-none-embed/lib/rv32imacxw/ilp32\libg_nano.a(lib_a-fstatr.o)
 .debug_frame   0x0000000000001598       0x30 c:/mounriver/mounriver_studio/toolchain/risc-v embedded gcc/bin/../lib/gcc/riscv-none-embed/8.2.0/../../../../riscv-none-embed/lib/rv32imacxw/ilp32\libg_nano.a(lib_a-isattyr.o)
 .debug_frame   0x00000000000015c8       0x30 c:/mounriver/mounriver_studio/toolchain/risc-v embedded gcc/bin/../lib/gcc/riscv-none-embed/8.2.0/../../../../riscv-none-embed/lib/rv32imacxw/ilp32\libg_nano.a(lib_a-lseekr.o)
 .debug_frame   0x00000000000015f8       0x20 c:/mounriver/mounriver_studio/toolchain/risc-v embedded gcc/bin/../lib/gcc/riscv-none-embed/8.2.0/../../../../riscv-none-embed/lib/rv32imacxw/ilp32\libg_nano.a(lib_a-memchr.o)
 .debug_frame   0x0000000000001618       0x30 c:/mounriver/mounriver_studio/toolchain/risc-v embedded gcc/bin/../lib/gcc/riscv-none-embed/8.2.0/../../../../riscv-none-embed/lib/rv32imacxw/ilp32\libg_nano.a(lib_a-mlock.o)
 .debug_frame   0x0000000000001648       0x30 c:/mounriver/mounriver_studio/toolchain/risc-v embedded gcc/bin/../lib/gcc/riscv-none-embed/8.2.0/../../../../riscv-none-embed/lib/rv32imacxw/ilp32\libg_nano.a(lib_a-readr.o)
 .debug_frame   0x0000000000001678       0x70 c:/mounriver/mounriver_studio/toolchain/risc-v embedded gcc/bin/../lib/gcc/riscv-none-embed/8.2.0/../../../../riscv-none-embed/lib/rv32imacxw/ilp32\libg_nano.a(lib_a-reent.o)
 .debug_frame   0x00000000000016e8       0x20 c:/mounriver/mounriver_studio/toolchain/risc-v embedded gcc/bin/../lib/gcc/riscv-none-embed/8.2.0/../../../../riscv-none-embed/lib/rv32imacxw/ilp32\libnosys.a(close.o)
 .debug_frame   0x0000000000001708       0x20 c:/mounriver/mounriver_studio/toolchain/risc-v embedded gcc/bin/../lib/gcc/riscv-none-embed/8.2.0/../../../../riscv-none-embed/lib/rv32imacxw/ilp32\libnosys.a(fstat.o)
 .debug_frame   0x0000000000001728       0x20 c:/mounriver/mounriver_studio/toolchain/risc-v embedded gcc/bin/../lib/gcc/riscv-none-embed/8.2.0/../../../../riscv-none-embed/lib/rv32imacxw/ilp32\libnosys.a(isatty.o)
 .debug_frame   0x0000000000001748       0x20 c:/mounriver/mounriver_studio/toolchain/risc-v embedded gcc/bin/../lib/gcc/riscv-none-embed/8.2.0/../../../../riscv-none-embed/lib/rv32imacxw/ilp32\libnosys.a(lseek.o)
 .debug_frame   0x0000000000001768       0x20 c:/mounriver/mounriver_studio/toolchain/risc-v embedded gcc/bin/../lib/gcc/riscv-none-embed/8.2.0/../../../../riscv-none-embed/lib/rv32imacxw/ilp32\libnosys.a(read.o)

.stab           0x0000000000000000       0x84
 .stab          0x0000000000000000       0x24 c:/mounriver/mounriver_studio/toolchain/risc-v embedded gcc/bin/../lib/gcc/riscv-none-embed/8.2.0/../../../../riscv-none-embed/lib/rv32imacxw/ilp32\libnosys.a(close.o)
 .stab          0x0000000000000024       0x18 c:/mounriver/mounriver_studio/toolchain/risc-v embedded gcc/bin/../lib/gcc/riscv-none-embed/8.2.0/../../../../riscv-none-embed/lib/rv32imacxw/ilp32\libnosys.a(fstat.o)
                                         0x24 (size before relaxing)
 .stab          0x000000000000003c       0x18 c:/mounriver/mounriver_studio/toolchain/risc-v embedded gcc/bin/../lib/gcc/riscv-none-embed/8.2.0/../../../../riscv-none-embed/lib/rv32imacxw/ilp32\libnosys.a(isatty.o)
                                         0x24 (size before relaxing)
 .stab          0x0000000000000054       0x18 c:/mounriver/mounriver_studio/toolchain/risc-v embedded gcc/bin/../lib/gcc/riscv-none-embed/8.2.0/../../../../riscv-none-embed/lib/rv32imacxw/ilp32\libnosys.a(lseek.o)
                                         0x24 (size before relaxing)
 .stab          0x000000000000006c       0x18 c:/mounriver/mounriver_studio/toolchain/risc-v embedded gcc/bin/../lib/gcc/riscv-none-embed/8.2.0/../../../../riscv-none-embed/lib/rv32imacxw/ilp32\libnosys.a(read.o)
                                         0x24 (size before relaxing)

.stabstr        0x0000000000000000      0x117
 .stabstr       0x0000000000000000      0x117 c:/mounriver/mounriver_studio/toolchain/risc-v embedded gcc/bin/../lib/gcc/riscv-none-embed/8.2.0/../../../../riscv-none-embed/lib/rv32imacxw/ilp32\libnosys.a(close.o)
